<!doctype html public "-//w3c//dtd html 4.0 transitional//en">
<html><head>
<title>Static Call Graph - [LoggerFatfsF407\LoggerFatfsF407.axf]</title></head>
<body><HR>
<H1>Static Call Graph for image LoggerFatfsF407\LoggerFatfsF407.axf</H1><HR>
<BR><P>#&#060CALLGRAPH&#062# ARM Linker, 5060750: Last Updated: Wed Aug 19 23:19:46 2020
<BR><P>
<H3>Maximum Stack Usage =       1016 bytes + Unknown(Cycles, Untraceable Function Pointers)</H3><H3>
Call chain for Maximum Stack Depth:</H3>
main &rArr; Log_Init &rArr; Write_Format &rArr; WriteBlock &rArr; f_open &rArr; dir_register &rArr; dir_find &rArr; dir_next &rArr; create_chain &rArr; put_fat &rArr; move_window &rArr; sync_window &rArr; disk_write
<P>
<H3>
Mutually Recursive functions
</H3> <LI><a href="#[1c]">ADC_IRQHandler</a>&nbsp;&nbsp;&nbsp;&rArr;&nbsp;&nbsp;&nbsp;<a href="#[1c]">ADC_IRQHandler</a><BR>
 <LI><a href="#[4]">BusFault_Handler</a>&nbsp;&nbsp;&nbsp;&rArr;&nbsp;&nbsp;&nbsp;<a href="#[4]">BusFault_Handler</a><BR>
 <LI><a href="#[2]">HardFault_Handler</a>&nbsp;&nbsp;&nbsp;&rArr;&nbsp;&nbsp;&nbsp;<a href="#[2]">HardFault_Handler</a><BR>
 <LI><a href="#[3]">MemManage_Handler</a>&nbsp;&nbsp;&nbsp;&rArr;&nbsp;&nbsp;&nbsp;<a href="#[3]">MemManage_Handler</a><BR>
 <LI><a href="#[5]">UsageFault_Handler</a>&nbsp;&nbsp;&nbsp;&rArr;&nbsp;&nbsp;&nbsp;<a href="#[5]">UsageFault_Handler</a><BR>
</UL>
<P>
<H3>
Function Pointers
</H3><UL>
 <LI><a href="#[1c]">ADC_IRQHandler</a> from startup_stm32f407xx.o(.text) referenced from startup_stm32f407xx.o(RESET)
 <LI><a href="#[4]">BusFault_Handler</a> from stm32f4xx_it.o(i.BusFault_Handler) referenced from startup_stm32f407xx.o(RESET)
 <LI><a href="#[1e]">CAN1_RX0_IRQHandler</a> from startup_stm32f407xx.o(.text) referenced from startup_stm32f407xx.o(RESET)
 <LI><a href="#[1f]">CAN1_RX1_IRQHandler</a> from startup_stm32f407xx.o(.text) referenced from startup_stm32f407xx.o(RESET)
 <LI><a href="#[20]">CAN1_SCE_IRQHandler</a> from startup_stm32f407xx.o(.text) referenced from startup_stm32f407xx.o(RESET)
 <LI><a href="#[1d]">CAN1_TX_IRQHandler</a> from startup_stm32f407xx.o(.text) referenced from startup_stm32f407xx.o(RESET)
 <LI><a href="#[4a]">CAN2_RX0_IRQHandler</a> from startup_stm32f407xx.o(.text) referenced from startup_stm32f407xx.o(RESET)
 <LI><a href="#[4b]">CAN2_RX1_IRQHandler</a> from startup_stm32f407xx.o(.text) referenced from startup_stm32f407xx.o(RESET)
 <LI><a href="#[4c]">CAN2_SCE_IRQHandler</a> from startup_stm32f407xx.o(.text) referenced from startup_stm32f407xx.o(RESET)
 <LI><a href="#[49]">CAN2_TX_IRQHandler</a> from startup_stm32f407xx.o(.text) referenced from startup_stm32f407xx.o(RESET)
 <LI><a href="#[58]">DCMI_IRQHandler</a> from startup_stm32f407xx.o(.text) referenced from startup_stm32f407xx.o(RESET)
 <LI><a href="#[15]">DMA1_Stream0_IRQHandler</a> from startup_stm32f407xx.o(.text) referenced from startup_stm32f407xx.o(RESET)
 <LI><a href="#[16]">DMA1_Stream1_IRQHandler</a> from startup_stm32f407xx.o(.text) referenced from startup_stm32f407xx.o(RESET)
 <LI><a href="#[17]">DMA1_Stream2_IRQHandler</a> from startup_stm32f407xx.o(.text) referenced from startup_stm32f407xx.o(RESET)
 <LI><a href="#[18]">DMA1_Stream3_IRQHandler</a> from startup_stm32f407xx.o(.text) referenced from startup_stm32f407xx.o(RESET)
 <LI><a href="#[19]">DMA1_Stream4_IRQHandler</a> from startup_stm32f407xx.o(.text) referenced from startup_stm32f407xx.o(RESET)
 <LI><a href="#[1a]">DMA1_Stream5_IRQHandler</a> from startup_stm32f407xx.o(.text) referenced from startup_stm32f407xx.o(RESET)
 <LI><a href="#[1b]">DMA1_Stream6_IRQHandler</a> from startup_stm32f407xx.o(.text) referenced from startup_stm32f407xx.o(RESET)
 <LI><a href="#[39]">DMA1_Stream7_IRQHandler</a> from startup_stm32f407xx.o(.text) referenced from startup_stm32f407xx.o(RESET)
 <LI><a href="#[42]">DMA2_Stream0_IRQHandler</a> from startup_stm32f407xx.o(.text) referenced from startup_stm32f407xx.o(RESET)
 <LI><a href="#[43]">DMA2_Stream1_IRQHandler</a> from startup_stm32f407xx.o(.text) referenced from startup_stm32f407xx.o(RESET)
 <LI><a href="#[44]">DMA2_Stream2_IRQHandler</a> from startup_stm32f407xx.o(.text) referenced from startup_stm32f407xx.o(RESET)
 <LI><a href="#[45]">DMA2_Stream3_IRQHandler</a> from stm32f4xx_it.o(i.DMA2_Stream3_IRQHandler) referenced from startup_stm32f407xx.o(RESET)
 <LI><a href="#[46]">DMA2_Stream4_IRQHandler</a> from startup_stm32f407xx.o(.text) referenced from startup_stm32f407xx.o(RESET)
 <LI><a href="#[4e]">DMA2_Stream5_IRQHandler</a> from startup_stm32f407xx.o(.text) referenced from startup_stm32f407xx.o(RESET)
 <LI><a href="#[4f]">DMA2_Stream6_IRQHandler</a> from stm32f4xx_it.o(i.DMA2_Stream6_IRQHandler) referenced from startup_stm32f407xx.o(RESET)
 <LI><a href="#[50]">DMA2_Stream7_IRQHandler</a> from startup_stm32f407xx.o(.text) referenced from startup_stm32f407xx.o(RESET)
 <LI><a href="#[7]">DebugMon_Handler</a> from stm32f4xx_it.o(i.DebugMon_Handler) referenced from startup_stm32f407xx.o(RESET)
 <LI><a href="#[47]">ETH_IRQHandler</a> from startup_stm32f407xx.o(.text) referenced from startup_stm32f407xx.o(RESET)
 <LI><a href="#[48]">ETH_WKUP_IRQHandler</a> from startup_stm32f407xx.o(.text) referenced from startup_stm32f407xx.o(RESET)
 <LI><a href="#[10]">EXTI0_IRQHandler</a> from startup_stm32f407xx.o(.text) referenced from startup_stm32f407xx.o(RESET)
 <LI><a href="#[32]">EXTI15_10_IRQHandler</a> from startup_stm32f407xx.o(.text) referenced from startup_stm32f407xx.o(RESET)
 <LI><a href="#[11]">EXTI1_IRQHandler</a> from startup_stm32f407xx.o(.text) referenced from startup_stm32f407xx.o(RESET)
 <LI><a href="#[12]">EXTI2_IRQHandler</a> from startup_stm32f407xx.o(.text) referenced from startup_stm32f407xx.o(RESET)
 <LI><a href="#[13]">EXTI3_IRQHandler</a> from startup_stm32f407xx.o(.text) referenced from startup_stm32f407xx.o(RESET)
 <LI><a href="#[14]">EXTI4_IRQHandler</a> from startup_stm32f407xx.o(.text) referenced from startup_stm32f407xx.o(RESET)
 <LI><a href="#[21]">EXTI9_5_IRQHandler</a> from startup_stm32f407xx.o(.text) referenced from startup_stm32f407xx.o(RESET)
 <LI><a href="#[e]">FLASH_IRQHandler</a> from startup_stm32f407xx.o(.text) referenced from startup_stm32f407xx.o(RESET)
 <LI><a href="#[3a]">FMC_IRQHandler</a> from startup_stm32f407xx.o(.text) referenced from startup_stm32f407xx.o(RESET)
 <LI><a href="#[5a]">FPU_IRQHandler</a> from startup_stm32f407xx.o(.text) referenced from startup_stm32f407xx.o(RESET)
 <LI><a href="#[59]">HASH_RNG_IRQHandler</a> from startup_stm32f407xx.o(.text) referenced from startup_stm32f407xx.o(RESET)
 <LI><a href="#[2]">HardFault_Handler</a> from stm32f4xx_it.o(i.HardFault_Handler) referenced from startup_stm32f407xx.o(RESET)
 <LI><a href="#[2a]">I2C1_ER_IRQHandler</a> from startup_stm32f407xx.o(.text) referenced from startup_stm32f407xx.o(RESET)
 <LI><a href="#[29]">I2C1_EV_IRQHandler</a> from startup_stm32f407xx.o(.text) referenced from startup_stm32f407xx.o(RESET)
 <LI><a href="#[2c]">I2C2_ER_IRQHandler</a> from startup_stm32f407xx.o(.text) referenced from startup_stm32f407xx.o(RESET)
 <LI><a href="#[2b]">I2C2_EV_IRQHandler</a> from startup_stm32f407xx.o(.text) referenced from startup_stm32f407xx.o(RESET)
 <LI><a href="#[53]">I2C3_ER_IRQHandler</a> from startup_stm32f407xx.o(.text) referenced from startup_stm32f407xx.o(RESET)
 <LI><a href="#[52]">I2C3_EV_IRQHandler</a> from startup_stm32f407xx.o(.text) referenced from startup_stm32f407xx.o(RESET)
 <LI><a href="#[3]">MemManage_Handler</a> from stm32f4xx_it.o(i.MemManage_Handler) referenced from startup_stm32f407xx.o(RESET)
 <LI><a href="#[1]">NMI_Handler</a> from stm32f4xx_it.o(i.NMI_Handler) referenced from startup_stm32f407xx.o(RESET)
 <LI><a href="#[4d]">OTG_FS_IRQHandler</a> from startup_stm32f407xx.o(.text) referenced from startup_stm32f407xx.o(RESET)
 <LI><a href="#[34]">OTG_FS_WKUP_IRQHandler</a> from startup_stm32f407xx.o(.text) referenced from startup_stm32f407xx.o(RESET)
 <LI><a href="#[55]">OTG_HS_EP1_IN_IRQHandler</a> from startup_stm32f407xx.o(.text) referenced from startup_stm32f407xx.o(RESET)
 <LI><a href="#[54]">OTG_HS_EP1_OUT_IRQHandler</a> from startup_stm32f407xx.o(.text) referenced from startup_stm32f407xx.o(RESET)
 <LI><a href="#[57]">OTG_HS_IRQHandler</a> from startup_stm32f407xx.o(.text) referenced from startup_stm32f407xx.o(RESET)
 <LI><a href="#[56]">OTG_HS_WKUP_IRQHandler</a> from startup_stm32f407xx.o(.text) referenced from startup_stm32f407xx.o(RESET)
 <LI><a href="#[b]">PVD_IRQHandler</a> from startup_stm32f407xx.o(.text) referenced from startup_stm32f407xx.o(RESET)
 <LI><a href="#[8]">PendSV_Handler</a> from stm32f4xx_it.o(i.PendSV_Handler) referenced from startup_stm32f407xx.o(RESET)
 <LI><a href="#[f]">RCC_IRQHandler</a> from startup_stm32f407xx.o(.text) referenced from startup_stm32f407xx.o(RESET)
 <LI><a href="#[33]">RTC_Alarm_IRQHandler</a> from startup_stm32f407xx.o(.text) referenced from startup_stm32f407xx.o(RESET)
 <LI><a href="#[d]">RTC_WKUP_IRQHandler</a> from startup_stm32f407xx.o(.text) referenced from startup_stm32f407xx.o(RESET)
 <LI><a href="#[0]">Reset_Handler</a> from startup_stm32f407xx.o(.text) referenced from startup_stm32f407xx.o(RESET)
 <LI><a href="#[3b]">SDIO_IRQHandler</a> from stm32f4xx_it.o(i.SDIO_IRQHandler) referenced from startup_stm32f407xx.o(RESET)
 <LI><a href="#[61]">SD_DMAError</a> from stm32f4xx_hal_sd.o(i.SD_DMAError) referenced from stm32f4xx_hal_sd.o(i.HAL_SD_ReadBlocks_DMA)
 <LI><a href="#[61]">SD_DMAError</a> from stm32f4xx_hal_sd.o(i.SD_DMAError) referenced from stm32f4xx_hal_sd.o(i.HAL_SD_WriteBlocks_DMA)
 <LI><a href="#[60]">SD_DMAReceiveCplt</a> from stm32f4xx_hal_sd.o(i.SD_DMAReceiveCplt) referenced from stm32f4xx_hal_sd.o(i.HAL_SD_ReadBlocks_DMA)
 <LI><a href="#[5f]">SD_DMARxAbort</a> from stm32f4xx_hal_sd.o(i.SD_DMARxAbort) referenced from stm32f4xx_hal_sd.o(i.HAL_SD_IRQHandler)
 <LI><a href="#[62]">SD_DMATransmitCplt</a> from stm32f4xx_hal_sd.o(i.SD_DMATransmitCplt) referenced from stm32f4xx_hal_sd.o(i.HAL_SD_WriteBlocks_DMA)
 <LI><a href="#[5e]">SD_DMATxAbort</a> from stm32f4xx_hal_sd.o(i.SD_DMATxAbort) referenced from stm32f4xx_hal_sd.o(i.HAL_SD_IRQHandler)
 <LI><a href="#[64]">SD_initialize</a> from sd_diskio.o(i.SD_initialize) referenced from sd_diskio.o(.constdata)
 <LI><a href="#[68]">SD_ioctl</a> from sd_diskio.o(i.SD_ioctl) referenced from sd_diskio.o(.constdata)
 <LI><a href="#[66]">SD_read</a> from sd_diskio.o(i.SD_read) referenced from sd_diskio.o(.constdata)
 <LI><a href="#[65]">SD_status</a> from sd_diskio.o(i.SD_status) referenced from sd_diskio.o(.constdata)
 <LI><a href="#[67]">SD_write</a> from sd_diskio.o(i.SD_write) referenced from sd_diskio.o(.constdata)
 <LI><a href="#[2d]">SPI1_IRQHandler</a> from startup_stm32f407xx.o(.text) referenced from startup_stm32f407xx.o(RESET)
 <LI><a href="#[2e]">SPI2_IRQHandler</a> from startup_stm32f407xx.o(.text) referenced from startup_stm32f407xx.o(RESET)
 <LI><a href="#[3d]">SPI3_IRQHandler</a> from startup_stm32f407xx.o(.text) referenced from startup_stm32f407xx.o(RESET)
 <LI><a href="#[6]">SVC_Handler</a> from stm32f4xx_it.o(i.SVC_Handler) referenced from startup_stm32f407xx.o(RESET)
 <LI><a href="#[9]">SysTick_Handler</a> from stm32f4xx_it.o(i.SysTick_Handler) referenced from startup_stm32f407xx.o(RESET)
 <LI><a href="#[5c]">SystemInit</a> from system_stm32f4xx.o(i.SystemInit) referenced from startup_stm32f407xx.o(.text)
 <LI><a href="#[c]">TAMP_STAMP_IRQHandler</a> from startup_stm32f407xx.o(.text) referenced from startup_stm32f407xx.o(RESET)
 <LI><a href="#[22]">TIM1_BRK_TIM9_IRQHandler</a> from startup_stm32f407xx.o(.text) referenced from startup_stm32f407xx.o(RESET)
 <LI><a href="#[25]">TIM1_CC_IRQHandler</a> from startup_stm32f407xx.o(.text) referenced from startup_stm32f407xx.o(RESET)
 <LI><a href="#[24]">TIM1_TRG_COM_TIM11_IRQHandler</a> from startup_stm32f407xx.o(.text) referenced from startup_stm32f407xx.o(RESET)
 <LI><a href="#[23]">TIM1_UP_TIM10_IRQHandler</a> from startup_stm32f407xx.o(.text) referenced from startup_stm32f407xx.o(RESET)
 <LI><a href="#[26]">TIM2_IRQHandler</a> from startup_stm32f407xx.o(.text) referenced from startup_stm32f407xx.o(RESET)
 <LI><a href="#[27]">TIM3_IRQHandler</a> from startup_stm32f407xx.o(.text) referenced from startup_stm32f407xx.o(RESET)
 <LI><a href="#[28]">TIM4_IRQHandler</a> from startup_stm32f407xx.o(.text) referenced from startup_stm32f407xx.o(RESET)
 <LI><a href="#[3c]">TIM5_IRQHandler</a> from startup_stm32f407xx.o(.text) referenced from startup_stm32f407xx.o(RESET)
 <LI><a href="#[40]">TIM6_DAC_IRQHandler</a> from stm32f4xx_it.o(i.TIM6_DAC_IRQHandler) referenced from startup_stm32f407xx.o(RESET)
 <LI><a href="#[41]">TIM7_IRQHandler</a> from stm32f4xx_it.o(i.TIM7_IRQHandler) referenced from startup_stm32f407xx.o(RESET)
 <LI><a href="#[35]">TIM8_BRK_TIM12_IRQHandler</a> from startup_stm32f407xx.o(.text) referenced from startup_stm32f407xx.o(RESET)
 <LI><a href="#[38]">TIM8_CC_IRQHandler</a> from startup_stm32f407xx.o(.text) referenced from startup_stm32f407xx.o(RESET)
 <LI><a href="#[37]">TIM8_TRG_COM_TIM14_IRQHandler</a> from startup_stm32f407xx.o(.text) referenced from startup_stm32f407xx.o(RESET)
 <LI><a href="#[36]">TIM8_UP_TIM13_IRQHandler</a> from startup_stm32f407xx.o(.text) referenced from startup_stm32f407xx.o(RESET)
 <LI><a href="#[3e]">UART4_IRQHandler</a> from startup_stm32f407xx.o(.text) referenced from startup_stm32f407xx.o(RESET)
 <LI><a href="#[3f]">UART5_IRQHandler</a> from startup_stm32f407xx.o(.text) referenced from startup_stm32f407xx.o(RESET)
 <LI><a href="#[63]">UART_DMAAbortOnError</a> from stm32f4xx_hal_uart.o(i.UART_DMAAbortOnError) referenced from stm32f4xx_hal_uart.o(i.HAL_UART_IRQHandler)
 <LI><a href="#[2f]">USART1_IRQHandler</a> from startup_stm32f407xx.o(.text) referenced from startup_stm32f407xx.o(RESET)
 <LI><a href="#[30]">USART2_IRQHandler</a> from startup_stm32f407xx.o(.text) referenced from startup_stm32f407xx.o(RESET)
 <LI><a href="#[31]">USART3_IRQHandler</a> from stm32f4xx_it.o(i.USART3_IRQHandler) referenced from startup_stm32f407xx.o(RESET)
 <LI><a href="#[51]">USART6_IRQHandler</a> from startup_stm32f407xx.o(.text) referenced from startup_stm32f407xx.o(RESET)
 <LI><a href="#[5]">UsageFault_Handler</a> from stm32f4xx_it.o(i.UsageFault_Handler) referenced from startup_stm32f407xx.o(RESET)
 <LI><a href="#[a]">WWDG_IRQHandler</a> from startup_stm32f407xx.o(.text) referenced from startup_stm32f407xx.o(RESET)
 <LI><a href="#[5d]">__main</a> from entry.o(.ARM.Collect$$$$00000000) referenced from startup_stm32f407xx.o(.text)
 <LI><a href="#[5b]">main</a> from main.o(i.main) referenced from entry9a.o(.ARM.Collect$$$$0000000B)
</UL>
<P>
<H3>
Global Symbols
</H3>
<P><STRONG><a name="[5d]"></a>__main</STRONG> (Thumb, 0 bytes, Stack size unknown bytes, entry.o(.ARM.Collect$$$$00000000))
<BR>[Address Reference Count : 1]<UL><LI> startup_stm32f407xx.o(.text)
</UL>
<P><STRONG><a name="[131]"></a>_main_stk</STRONG> (Thumb, 0 bytes, Stack size unknown bytes, entry2.o(.ARM.Collect$$$$00000001))

<P><STRONG><a name="[69]"></a>_main_scatterload</STRONG> (Thumb, 0 bytes, Stack size unknown bytes, entry5.o(.ARM.Collect$$$$00000004))
<BR><BR>[Calls]<UL><LI><a href="#[6a]">&gt;&gt;</a>&nbsp;&nbsp;&nbsp;__scatterload
</UL>

<P><STRONG><a name="[76]"></a>__main_after_scatterload</STRONG> (Thumb, 0 bytes, Stack size unknown bytes, entry5.o(.ARM.Collect$$$$00000004))
<BR><BR>[Called By]<UL><LI><a href="#[6a]">&gt;&gt;</a>&nbsp;&nbsp;&nbsp;__scatterload
</UL>

<P><STRONG><a name="[132]"></a>_main_clock</STRONG> (Thumb, 0 bytes, Stack size unknown bytes, entry7b.o(.ARM.Collect$$$$00000008))

<P><STRONG><a name="[133]"></a>_main_cpp_init</STRONG> (Thumb, 0 bytes, Stack size unknown bytes, entry8b.o(.ARM.Collect$$$$0000000A))

<P><STRONG><a name="[134]"></a>_main_init</STRONG> (Thumb, 0 bytes, Stack size unknown bytes, entry9a.o(.ARM.Collect$$$$0000000B))

<P><STRONG><a name="[135]"></a>__rt_final_cpp</STRONG> (Thumb, 0 bytes, Stack size unknown bytes, entry10a.o(.ARM.Collect$$$$0000000D))

<P><STRONG><a name="[136]"></a>__rt_final_exit</STRONG> (Thumb, 0 bytes, Stack size unknown bytes, entry11a.o(.ARM.Collect$$$$0000000F))

<P><STRONG><a name="[0]"></a>Reset_Handler</STRONG> (Thumb, 8 bytes, Stack size 0 bytes, startup_stm32f407xx.o(.text))
<BR>[Address Reference Count : 1]<UL><LI> startup_stm32f407xx.o(RESET)
</UL>
<P><STRONG><a name="[1c]"></a>ADC_IRQHandler</STRONG> (Thumb, 0 bytes, Stack size 0 bytes, startup_stm32f407xx.o(.text))
<BR><BR>[Calls]<UL><LI><a href="#[1c]">&gt;&gt;</a>&nbsp;&nbsp;&nbsp;ADC_IRQHandler
</UL>
<BR>[Called By]<UL><LI><a href="#[1c]">&gt;&gt;</a>&nbsp;&nbsp;&nbsp;ADC_IRQHandler
</UL>
<BR>[Address Reference Count : 1]<UL><LI> startup_stm32f407xx.o(RESET)
</UL>
<P><STRONG><a name="[1e]"></a>CAN1_RX0_IRQHandler</STRONG> (Thumb, 0 bytes, Stack size 0 bytes, startup_stm32f407xx.o(.text))
<BR>[Address Reference Count : 1]<UL><LI> startup_stm32f407xx.o(RESET)
</UL>
<P><STRONG><a name="[1f]"></a>CAN1_RX1_IRQHandler</STRONG> (Thumb, 0 bytes, Stack size 0 bytes, startup_stm32f407xx.o(.text))
<BR>[Address Reference Count : 1]<UL><LI> startup_stm32f407xx.o(RESET)
</UL>
<P><STRONG><a name="[20]"></a>CAN1_SCE_IRQHandler</STRONG> (Thumb, 0 bytes, Stack size 0 bytes, startup_stm32f407xx.o(.text))
<BR>[Address Reference Count : 1]<UL><LI> startup_stm32f407xx.o(RESET)
</UL>
<P><STRONG><a name="[1d]"></a>CAN1_TX_IRQHandler</STRONG> (Thumb, 0 bytes, Stack size 0 bytes, startup_stm32f407xx.o(.text))
<BR>[Address Reference Count : 1]<UL><LI> startup_stm32f407xx.o(RESET)
</UL>
<P><STRONG><a name="[4a]"></a>CAN2_RX0_IRQHandler</STRONG> (Thumb, 0 bytes, Stack size 0 bytes, startup_stm32f407xx.o(.text))
<BR>[Address Reference Count : 1]<UL><LI> startup_stm32f407xx.o(RESET)
</UL>
<P><STRONG><a name="[4b]"></a>CAN2_RX1_IRQHandler</STRONG> (Thumb, 0 bytes, Stack size 0 bytes, startup_stm32f407xx.o(.text))
<BR>[Address Reference Count : 1]<UL><LI> startup_stm32f407xx.o(RESET)
</UL>
<P><STRONG><a name="[4c]"></a>CAN2_SCE_IRQHandler</STRONG> (Thumb, 0 bytes, Stack size 0 bytes, startup_stm32f407xx.o(.text))
<BR>[Address Reference Count : 1]<UL><LI> startup_stm32f407xx.o(RESET)
</UL>
<P><STRONG><a name="[49]"></a>CAN2_TX_IRQHandler</STRONG> (Thumb, 0 bytes, Stack size 0 bytes, startup_stm32f407xx.o(.text))
<BR>[Address Reference Count : 1]<UL><LI> startup_stm32f407xx.o(RESET)
</UL>
<P><STRONG><a name="[58]"></a>DCMI_IRQHandler</STRONG> (Thumb, 0 bytes, Stack size 0 bytes, startup_stm32f407xx.o(.text))
<BR>[Address Reference Count : 1]<UL><LI> startup_stm32f407xx.o(RESET)
</UL>
<P><STRONG><a name="[15]"></a>DMA1_Stream0_IRQHandler</STRONG> (Thumb, 0 bytes, Stack size 0 bytes, startup_stm32f407xx.o(.text))
<BR>[Address Reference Count : 1]<UL><LI> startup_stm32f407xx.o(RESET)
</UL>
<P><STRONG><a name="[16]"></a>DMA1_Stream1_IRQHandler</STRONG> (Thumb, 0 bytes, Stack size 0 bytes, startup_stm32f407xx.o(.text))
<BR>[Address Reference Count : 1]<UL><LI> startup_stm32f407xx.o(RESET)
</UL>
<P><STRONG><a name="[17]"></a>DMA1_Stream2_IRQHandler</STRONG> (Thumb, 0 bytes, Stack size 0 bytes, startup_stm32f407xx.o(.text))
<BR>[Address Reference Count : 1]<UL><LI> startup_stm32f407xx.o(RESET)
</UL>
<P><STRONG><a name="[18]"></a>DMA1_Stream3_IRQHandler</STRONG> (Thumb, 0 bytes, Stack size 0 bytes, startup_stm32f407xx.o(.text))
<BR>[Address Reference Count : 1]<UL><LI> startup_stm32f407xx.o(RESET)
</UL>
<P><STRONG><a name="[19]"></a>DMA1_Stream4_IRQHandler</STRONG> (Thumb, 0 bytes, Stack size 0 bytes, startup_stm32f407xx.o(.text))
<BR>[Address Reference Count : 1]<UL><LI> startup_stm32f407xx.o(RESET)
</UL>
<P><STRONG><a name="[1a]"></a>DMA1_Stream5_IRQHandler</STRONG> (Thumb, 0 bytes, Stack size 0 bytes, startup_stm32f407xx.o(.text))
<BR>[Address Reference Count : 1]<UL><LI> startup_stm32f407xx.o(RESET)
</UL>
<P><STRONG><a name="[1b]"></a>DMA1_Stream6_IRQHandler</STRONG> (Thumb, 0 bytes, Stack size 0 bytes, startup_stm32f407xx.o(.text))
<BR>[Address Reference Count : 1]<UL><LI> startup_stm32f407xx.o(RESET)
</UL>
<P><STRONG><a name="[39]"></a>DMA1_Stream7_IRQHandler</STRONG> (Thumb, 0 bytes, Stack size 0 bytes, startup_stm32f407xx.o(.text))
<BR>[Address Reference Count : 1]<UL><LI> startup_stm32f407xx.o(RESET)
</UL>
<P><STRONG><a name="[42]"></a>DMA2_Stream0_IRQHandler</STRONG> (Thumb, 0 bytes, Stack size 0 bytes, startup_stm32f407xx.o(.text))
<BR>[Address Reference Count : 1]<UL><LI> startup_stm32f407xx.o(RESET)
</UL>
<P><STRONG><a name="[43]"></a>DMA2_Stream1_IRQHandler</STRONG> (Thumb, 0 bytes, Stack size 0 bytes, startup_stm32f407xx.o(.text))
<BR>[Address Reference Count : 1]<UL><LI> startup_stm32f407xx.o(RESET)
</UL>
<P><STRONG><a name="[44]"></a>DMA2_Stream2_IRQHandler</STRONG> (Thumb, 0 bytes, Stack size 0 bytes, startup_stm32f407xx.o(.text))
<BR>[Address Reference Count : 1]<UL><LI> startup_stm32f407xx.o(RESET)
</UL>
<P><STRONG><a name="[46]"></a>DMA2_Stream4_IRQHandler</STRONG> (Thumb, 0 bytes, Stack size 0 bytes, startup_stm32f407xx.o(.text))
<BR>[Address Reference Count : 1]<UL><LI> startup_stm32f407xx.o(RESET)
</UL>
<P><STRONG><a name="[4e]"></a>DMA2_Stream5_IRQHandler</STRONG> (Thumb, 0 bytes, Stack size 0 bytes, startup_stm32f407xx.o(.text))
<BR>[Address Reference Count : 1]<UL><LI> startup_stm32f407xx.o(RESET)
</UL>
<P><STRONG><a name="[50]"></a>DMA2_Stream7_IRQHandler</STRONG> (Thumb, 0 bytes, Stack size 0 bytes, startup_stm32f407xx.o(.text))
<BR>[Address Reference Count : 1]<UL><LI> startup_stm32f407xx.o(RESET)
</UL>
<P><STRONG><a name="[47]"></a>ETH_IRQHandler</STRONG> (Thumb, 0 bytes, Stack size 0 bytes, startup_stm32f407xx.o(.text))
<BR>[Address Reference Count : 1]<UL><LI> startup_stm32f407xx.o(RESET)
</UL>
<P><STRONG><a name="[48]"></a>ETH_WKUP_IRQHandler</STRONG> (Thumb, 0 bytes, Stack size 0 bytes, startup_stm32f407xx.o(.text))
<BR>[Address Reference Count : 1]<UL><LI> startup_stm32f407xx.o(RESET)
</UL>
<P><STRONG><a name="[10]"></a>EXTI0_IRQHandler</STRONG> (Thumb, 0 bytes, Stack size 0 bytes, startup_stm32f407xx.o(.text))
<BR>[Address Reference Count : 1]<UL><LI> startup_stm32f407xx.o(RESET)
</UL>
<P><STRONG><a name="[32]"></a>EXTI15_10_IRQHandler</STRONG> (Thumb, 0 bytes, Stack size 0 bytes, startup_stm32f407xx.o(.text))
<BR>[Address Reference Count : 1]<UL><LI> startup_stm32f407xx.o(RESET)
</UL>
<P><STRONG><a name="[11]"></a>EXTI1_IRQHandler</STRONG> (Thumb, 0 bytes, Stack size 0 bytes, startup_stm32f407xx.o(.text))
<BR>[Address Reference Count : 1]<UL><LI> startup_stm32f407xx.o(RESET)
</UL>
<P><STRONG><a name="[12]"></a>EXTI2_IRQHandler</STRONG> (Thumb, 0 bytes, Stack size 0 bytes, startup_stm32f407xx.o(.text))
<BR>[Address Reference Count : 1]<UL><LI> startup_stm32f407xx.o(RESET)
</UL>
<P><STRONG><a name="[13]"></a>EXTI3_IRQHandler</STRONG> (Thumb, 0 bytes, Stack size 0 bytes, startup_stm32f407xx.o(.text))
<BR>[Address Reference Count : 1]<UL><LI> startup_stm32f407xx.o(RESET)
</UL>
<P><STRONG><a name="[14]"></a>EXTI4_IRQHandler</STRONG> (Thumb, 0 bytes, Stack size 0 bytes, startup_stm32f407xx.o(.text))
<BR>[Address Reference Count : 1]<UL><LI> startup_stm32f407xx.o(RESET)
</UL>
<P><STRONG><a name="[21]"></a>EXTI9_5_IRQHandler</STRONG> (Thumb, 0 bytes, Stack size 0 bytes, startup_stm32f407xx.o(.text))
<BR>[Address Reference Count : 1]<UL><LI> startup_stm32f407xx.o(RESET)
</UL>
<P><STRONG><a name="[e]"></a>FLASH_IRQHandler</STRONG> (Thumb, 0 bytes, Stack size 0 bytes, startup_stm32f407xx.o(.text))
<BR>[Address Reference Count : 1]<UL><LI> startup_stm32f407xx.o(RESET)
</UL>
<P><STRONG><a name="[3a]"></a>FMC_IRQHandler</STRONG> (Thumb, 0 bytes, Stack size 0 bytes, startup_stm32f407xx.o(.text))
<BR>[Address Reference Count : 1]<UL><LI> startup_stm32f407xx.o(RESET)
</UL>
<P><STRONG><a name="[5a]"></a>FPU_IRQHandler</STRONG> (Thumb, 0 bytes, Stack size 0 bytes, startup_stm32f407xx.o(.text))
<BR>[Address Reference Count : 1]<UL><LI> startup_stm32f407xx.o(RESET)
</UL>
<P><STRONG><a name="[59]"></a>HASH_RNG_IRQHandler</STRONG> (Thumb, 0 bytes, Stack size 0 bytes, startup_stm32f407xx.o(.text))
<BR>[Address Reference Count : 1]<UL><LI> startup_stm32f407xx.o(RESET)
</UL>
<P><STRONG><a name="[2a]"></a>I2C1_ER_IRQHandler</STRONG> (Thumb, 0 bytes, Stack size 0 bytes, startup_stm32f407xx.o(.text))
<BR>[Address Reference Count : 1]<UL><LI> startup_stm32f407xx.o(RESET)
</UL>
<P><STRONG><a name="[29]"></a>I2C1_EV_IRQHandler</STRONG> (Thumb, 0 bytes, Stack size 0 bytes, startup_stm32f407xx.o(.text))
<BR>[Address Reference Count : 1]<UL><LI> startup_stm32f407xx.o(RESET)
</UL>
<P><STRONG><a name="[2c]"></a>I2C2_ER_IRQHandler</STRONG> (Thumb, 0 bytes, Stack size 0 bytes, startup_stm32f407xx.o(.text))
<BR>[Address Reference Count : 1]<UL><LI> startup_stm32f407xx.o(RESET)
</UL>
<P><STRONG><a name="[2b]"></a>I2C2_EV_IRQHandler</STRONG> (Thumb, 0 bytes, Stack size 0 bytes, startup_stm32f407xx.o(.text))
<BR>[Address Reference Count : 1]<UL><LI> startup_stm32f407xx.o(RESET)
</UL>
<P><STRONG><a name="[53]"></a>I2C3_ER_IRQHandler</STRONG> (Thumb, 0 bytes, Stack size 0 bytes, startup_stm32f407xx.o(.text))
<BR>[Address Reference Count : 1]<UL><LI> startup_stm32f407xx.o(RESET)
</UL>
<P><STRONG><a name="[52]"></a>I2C3_EV_IRQHandler</STRONG> (Thumb, 0 bytes, Stack size 0 bytes, startup_stm32f407xx.o(.text))
<BR>[Address Reference Count : 1]<UL><LI> startup_stm32f407xx.o(RESET)
</UL>
<P><STRONG><a name="[4d]"></a>OTG_FS_IRQHandler</STRONG> (Thumb, 0 bytes, Stack size 0 bytes, startup_stm32f407xx.o(.text))
<BR>[Address Reference Count : 1]<UL><LI> startup_stm32f407xx.o(RESET)
</UL>
<P><STRONG><a name="[34]"></a>OTG_FS_WKUP_IRQHandler</STRONG> (Thumb, 0 bytes, Stack size 0 bytes, startup_stm32f407xx.o(.text))
<BR>[Address Reference Count : 1]<UL><LI> startup_stm32f407xx.o(RESET)
</UL>
<P><STRONG><a name="[55]"></a>OTG_HS_EP1_IN_IRQHandler</STRONG> (Thumb, 0 bytes, Stack size 0 bytes, startup_stm32f407xx.o(.text))
<BR>[Address Reference Count : 1]<UL><LI> startup_stm32f407xx.o(RESET)
</UL>
<P><STRONG><a name="[54]"></a>OTG_HS_EP1_OUT_IRQHandler</STRONG> (Thumb, 0 bytes, Stack size 0 bytes, startup_stm32f407xx.o(.text))
<BR>[Address Reference Count : 1]<UL><LI> startup_stm32f407xx.o(RESET)
</UL>
<P><STRONG><a name="[57]"></a>OTG_HS_IRQHandler</STRONG> (Thumb, 0 bytes, Stack size 0 bytes, startup_stm32f407xx.o(.text))
<BR>[Address Reference Count : 1]<UL><LI> startup_stm32f407xx.o(RESET)
</UL>
<P><STRONG><a name="[56]"></a>OTG_HS_WKUP_IRQHandler</STRONG> (Thumb, 0 bytes, Stack size 0 bytes, startup_stm32f407xx.o(.text))
<BR>[Address Reference Count : 1]<UL><LI> startup_stm32f407xx.o(RESET)
</UL>
<P><STRONG><a name="[b]"></a>PVD_IRQHandler</STRONG> (Thumb, 0 bytes, Stack size 0 bytes, startup_stm32f407xx.o(.text))
<BR>[Address Reference Count : 1]<UL><LI> startup_stm32f407xx.o(RESET)
</UL>
<P><STRONG><a name="[f]"></a>RCC_IRQHandler</STRONG> (Thumb, 0 bytes, Stack size 0 bytes, startup_stm32f407xx.o(.text))
<BR>[Address Reference Count : 1]<UL><LI> startup_stm32f407xx.o(RESET)
</UL>
<P><STRONG><a name="[33]"></a>RTC_Alarm_IRQHandler</STRONG> (Thumb, 0 bytes, Stack size 0 bytes, startup_stm32f407xx.o(.text))
<BR>[Address Reference Count : 1]<UL><LI> startup_stm32f407xx.o(RESET)
</UL>
<P><STRONG><a name="[d]"></a>RTC_WKUP_IRQHandler</STRONG> (Thumb, 0 bytes, Stack size 0 bytes, startup_stm32f407xx.o(.text))
<BR>[Address Reference Count : 1]<UL><LI> startup_stm32f407xx.o(RESET)
</UL>
<P><STRONG><a name="[2d]"></a>SPI1_IRQHandler</STRONG> (Thumb, 0 bytes, Stack size 0 bytes, startup_stm32f407xx.o(.text))
<BR>[Address Reference Count : 1]<UL><LI> startup_stm32f407xx.o(RESET)
</UL>
<P><STRONG><a name="[2e]"></a>SPI2_IRQHandler</STRONG> (Thumb, 0 bytes, Stack size 0 bytes, startup_stm32f407xx.o(.text))
<BR>[Address Reference Count : 1]<UL><LI> startup_stm32f407xx.o(RESET)
</UL>
<P><STRONG><a name="[3d]"></a>SPI3_IRQHandler</STRONG> (Thumb, 0 bytes, Stack size 0 bytes, startup_stm32f407xx.o(.text))
<BR>[Address Reference Count : 1]<UL><LI> startup_stm32f407xx.o(RESET)
</UL>
<P><STRONG><a name="[c]"></a>TAMP_STAMP_IRQHandler</STRONG> (Thumb, 0 bytes, Stack size 0 bytes, startup_stm32f407xx.o(.text))
<BR>[Address Reference Count : 1]<UL><LI> startup_stm32f407xx.o(RESET)
</UL>
<P><STRONG><a name="[22]"></a>TIM1_BRK_TIM9_IRQHandler</STRONG> (Thumb, 0 bytes, Stack size 0 bytes, startup_stm32f407xx.o(.text))
<BR>[Address Reference Count : 1]<UL><LI> startup_stm32f407xx.o(RESET)
</UL>
<P><STRONG><a name="[25]"></a>TIM1_CC_IRQHandler</STRONG> (Thumb, 0 bytes, Stack size 0 bytes, startup_stm32f407xx.o(.text))
<BR>[Address Reference Count : 1]<UL><LI> startup_stm32f407xx.o(RESET)
</UL>
<P><STRONG><a name="[24]"></a>TIM1_TRG_COM_TIM11_IRQHandler</STRONG> (Thumb, 0 bytes, Stack size 0 bytes, startup_stm32f407xx.o(.text))
<BR>[Address Reference Count : 1]<UL><LI> startup_stm32f407xx.o(RESET)
</UL>
<P><STRONG><a name="[23]"></a>TIM1_UP_TIM10_IRQHandler</STRONG> (Thumb, 0 bytes, Stack size 0 bytes, startup_stm32f407xx.o(.text))
<BR>[Address Reference Count : 1]<UL><LI> startup_stm32f407xx.o(RESET)
</UL>
<P><STRONG><a name="[26]"></a>TIM2_IRQHandler</STRONG> (Thumb, 0 bytes, Stack size 0 bytes, startup_stm32f407xx.o(.text))
<BR>[Address Reference Count : 1]<UL><LI> startup_stm32f407xx.o(RESET)
</UL>
<P><STRONG><a name="[27]"></a>TIM3_IRQHandler</STRONG> (Thumb, 0 bytes, Stack size 0 bytes, startup_stm32f407xx.o(.text))
<BR>[Address Reference Count : 1]<UL><LI> startup_stm32f407xx.o(RESET)
</UL>
<P><STRONG><a name="[28]"></a>TIM4_IRQHandler</STRONG> (Thumb, 0 bytes, Stack size 0 bytes, startup_stm32f407xx.o(.text))
<BR>[Address Reference Count : 1]<UL><LI> startup_stm32f407xx.o(RESET)
</UL>
<P><STRONG><a name="[3c]"></a>TIM5_IRQHandler</STRONG> (Thumb, 0 bytes, Stack size 0 bytes, startup_stm32f407xx.o(.text))
<BR>[Address Reference Count : 1]<UL><LI> startup_stm32f407xx.o(RESET)
</UL>
<P><STRONG><a name="[35]"></a>TIM8_BRK_TIM12_IRQHandler</STRONG> (Thumb, 0 bytes, Stack size 0 bytes, startup_stm32f407xx.o(.text))
<BR>[Address Reference Count : 1]<UL><LI> startup_stm32f407xx.o(RESET)
</UL>
<P><STRONG><a name="[38]"></a>TIM8_CC_IRQHandler</STRONG> (Thumb, 0 bytes, Stack size 0 bytes, startup_stm32f407xx.o(.text))
<BR>[Address Reference Count : 1]<UL><LI> startup_stm32f407xx.o(RESET)
</UL>
<P><STRONG><a name="[37]"></a>TIM8_TRG_COM_TIM14_IRQHandler</STRONG> (Thumb, 0 bytes, Stack size 0 bytes, startup_stm32f407xx.o(.text))
<BR>[Address Reference Count : 1]<UL><LI> startup_stm32f407xx.o(RESET)
</UL>
<P><STRONG><a name="[36]"></a>TIM8_UP_TIM13_IRQHandler</STRONG> (Thumb, 0 bytes, Stack size 0 bytes, startup_stm32f407xx.o(.text))
<BR>[Address Reference Count : 1]<UL><LI> startup_stm32f407xx.o(RESET)
</UL>
<P><STRONG><a name="[3e]"></a>UART4_IRQHandler</STRONG> (Thumb, 0 bytes, Stack size 0 bytes, startup_stm32f407xx.o(.text))
<BR>[Address Reference Count : 1]<UL><LI> startup_stm32f407xx.o(RESET)
</UL>
<P><STRONG><a name="[3f]"></a>UART5_IRQHandler</STRONG> (Thumb, 0 bytes, Stack size 0 bytes, startup_stm32f407xx.o(.text))
<BR>[Address Reference Count : 1]<UL><LI> startup_stm32f407xx.o(RESET)
</UL>
<P><STRONG><a name="[2f]"></a>USART1_IRQHandler</STRONG> (Thumb, 0 bytes, Stack size 0 bytes, startup_stm32f407xx.o(.text))
<BR>[Address Reference Count : 1]<UL><LI> startup_stm32f407xx.o(RESET)
</UL>
<P><STRONG><a name="[30]"></a>USART2_IRQHandler</STRONG> (Thumb, 0 bytes, Stack size 0 bytes, startup_stm32f407xx.o(.text))
<BR>[Address Reference Count : 1]<UL><LI> startup_stm32f407xx.o(RESET)
</UL>
<P><STRONG><a name="[51]"></a>USART6_IRQHandler</STRONG> (Thumb, 0 bytes, Stack size 0 bytes, startup_stm32f407xx.o(.text))
<BR>[Address Reference Count : 1]<UL><LI> startup_stm32f407xx.o(RESET)
</UL>
<P><STRONG><a name="[a]"></a>WWDG_IRQHandler</STRONG> (Thumb, 0 bytes, Stack size 0 bytes, startup_stm32f407xx.o(.text))
<BR>[Address Reference Count : 1]<UL><LI> startup_stm32f407xx.o(RESET)
</UL>
<P><STRONG><a name="[6b]"></a>__aeabi_uldivmod</STRONG> (Thumb, 98 bytes, Stack size 40 bytes, uldiv.o(.text))
<BR><BR>[Stack]<UL><LI>Max Depth = 40<LI>Call Chain = __aeabi_uldivmod
</UL>
<BR>[Calls]<UL><LI><a href="#[6c]">&gt;&gt;</a>&nbsp;&nbsp;&nbsp;__aeabi_llsr
<LI><a href="#[6d]">&gt;&gt;</a>&nbsp;&nbsp;&nbsp;__aeabi_llsl
</UL>
<BR>[Called By]<UL><LI><a href="#[98]">&gt;&gt;</a>&nbsp;&nbsp;&nbsp;HAL_RCC_GetSysClockFreq
<LI><a href="#[d2]">&gt;&gt;</a>&nbsp;&nbsp;&nbsp;UART_SetConfig
</UL>

<P><STRONG><a name="[6f]"></a>__aeabi_memset</STRONG> (Thumb, 14 bytes, Stack size 0 bytes, memseta.o(.text))
<BR><BR>[Called By]<UL><LI><a href="#[70]">&gt;&gt;</a>&nbsp;&nbsp;&nbsp;_memset$wrapper
<LI><a href="#[6e]">&gt;&gt;</a>&nbsp;&nbsp;&nbsp;__aeabi_memclr
</UL>

<P><STRONG><a name="[137]"></a>__aeabi_memset4</STRONG> (Thumb, 0 bytes, Stack size 0 bytes, memseta.o(.text), UNUSED)

<P><STRONG><a name="[138]"></a>__aeabi_memset8</STRONG> (Thumb, 0 bytes, Stack size 0 bytes, memseta.o(.text), UNUSED)

<P><STRONG><a name="[6e]"></a>__aeabi_memclr</STRONG> (Thumb, 4 bytes, Stack size 0 bytes, memseta.o(.text))
<BR><BR>[Calls]<UL><LI><a href="#[6f]">&gt;&gt;</a>&nbsp;&nbsp;&nbsp;__aeabi_memset
</UL>
<BR>[Called By]<UL><LI><a href="#[86]">&gt;&gt;</a>&nbsp;&nbsp;&nbsp;Fill_Format
</UL>

<P><STRONG><a name="[b3]"></a>__aeabi_memclr4</STRONG> (Thumb, 0 bytes, Stack size 0 bytes, memseta.o(.text))
<BR><BR>[Called By]<UL><LI><a href="#[d1]">&gt;&gt;</a>&nbsp;&nbsp;&nbsp;HAL_UART_MspInit
<LI><a href="#[ae]">&gt;&gt;</a>&nbsp;&nbsp;&nbsp;HAL_SD_MspInit
<LI><a href="#[db]">&gt;&gt;</a>&nbsp;&nbsp;&nbsp;MX_GPIO_Init
<LI><a href="#[f6]">&gt;&gt;</a>&nbsp;&nbsp;&nbsp;SystemClock_Config
</UL>

<P><STRONG><a name="[139]"></a>__aeabi_memclr8</STRONG> (Thumb, 0 bytes, Stack size 0 bytes, memseta.o(.text), UNUSED)

<P><STRONG><a name="[70]"></a>_memset$wrapper</STRONG> (Thumb, 18 bytes, Stack size 8 bytes, memseta.o(.text), UNUSED)
<BR><BR>[Calls]<UL><LI><a href="#[6f]">&gt;&gt;</a>&nbsp;&nbsp;&nbsp;__aeabi_memset
</UL>

<P><STRONG><a name="[87]"></a>strncpy</STRONG> (Thumb, 24 bytes, Stack size 8 bytes, strncpy.o(.text))
<BR><BR>[Stack]<UL><LI>Max Depth = 8<LI>Call Chain = strncpy
</UL>
<BR>[Called By]<UL><LI><a href="#[86]">&gt;&gt;</a>&nbsp;&nbsp;&nbsp;Fill_Format
</UL>

<P><STRONG><a name="[71]"></a>__aeabi_dmul</STRONG> (Thumb, 228 bytes, Stack size 48 bytes, dmul.o(.text))
<BR><BR>[Stack]<UL><LI>Max Depth = 88<LI>Call Chain = __aeabi_dmul &rArr; _double_epilogue &rArr; _double_round
</UL>
<BR>[Calls]<UL><LI><a href="#[72]">&gt;&gt;</a>&nbsp;&nbsp;&nbsp;_double_epilogue
</UL>
<BR>[Called By]<UL><LI><a href="#[fa]">&gt;&gt;</a>&nbsp;&nbsp;&nbsp;WriteBlock
</UL>

<P><STRONG><a name="[73]"></a>__aeabi_ui2d</STRONG> (Thumb, 26 bytes, Stack size 16 bytes, dfltui.o(.text))
<BR><BR>[Stack]<UL><LI>Max Depth = 56<LI>Call Chain = __aeabi_ui2d &rArr; _double_epilogue &rArr; _double_round
</UL>
<BR>[Calls]<UL><LI><a href="#[72]">&gt;&gt;</a>&nbsp;&nbsp;&nbsp;_double_epilogue
</UL>
<BR>[Called By]<UL><LI><a href="#[fa]">&gt;&gt;</a>&nbsp;&nbsp;&nbsp;WriteBlock
</UL>

<P><STRONG><a name="[74]"></a>__aeabi_d2uiz</STRONG> (Thumb, 50 bytes, Stack size 8 bytes, dfixui.o(.text))
<BR><BR>[Stack]<UL><LI>Max Depth = 8<LI>Call Chain = __aeabi_d2uiz
</UL>
<BR>[Calls]<UL><LI><a href="#[6c]">&gt;&gt;</a>&nbsp;&nbsp;&nbsp;__aeabi_llsr
</UL>
<BR>[Called By]<UL><LI><a href="#[fa]">&gt;&gt;</a>&nbsp;&nbsp;&nbsp;WriteBlock
</UL>

<P><STRONG><a name="[6d]"></a>__aeabi_llsl</STRONG> (Thumb, 30 bytes, Stack size 0 bytes, llshl.o(.text))
<BR><BR>[Called By]<UL><LI><a href="#[72]">&gt;&gt;</a>&nbsp;&nbsp;&nbsp;_double_epilogue
<LI><a href="#[6b]">&gt;&gt;</a>&nbsp;&nbsp;&nbsp;__aeabi_uldivmod
</UL>

<P><STRONG><a name="[13a]"></a>_ll_shift_l</STRONG> (Thumb, 0 bytes, Stack size 0 bytes, llshl.o(.text), UNUSED)

<P><STRONG><a name="[6c]"></a>__aeabi_llsr</STRONG> (Thumb, 32 bytes, Stack size 0 bytes, llushr.o(.text))
<BR><BR>[Called By]<UL><LI><a href="#[74]">&gt;&gt;</a>&nbsp;&nbsp;&nbsp;__aeabi_d2uiz
<LI><a href="#[72]">&gt;&gt;</a>&nbsp;&nbsp;&nbsp;_double_epilogue
<LI><a href="#[6b]">&gt;&gt;</a>&nbsp;&nbsp;&nbsp;__aeabi_uldivmod
</UL>

<P><STRONG><a name="[13b]"></a>_ll_ushift_r</STRONG> (Thumb, 0 bytes, Stack size 0 bytes, llushr.o(.text), UNUSED)

<P><STRONG><a name="[13c]"></a>__I$use$fp</STRONG> (Thumb, 0 bytes, Stack size 8 bytes, iusefp.o(.text), UNUSED)

<P><STRONG><a name="[75]"></a>_double_round</STRONG> (Thumb, 30 bytes, Stack size 8 bytes, depilogue.o(.text))
<BR><BR>[Stack]<UL><LI>Max Depth = 8<LI>Call Chain = _double_round
</UL>
<BR>[Called By]<UL><LI><a href="#[72]">&gt;&gt;</a>&nbsp;&nbsp;&nbsp;_double_epilogue
</UL>

<P><STRONG><a name="[72]"></a>_double_epilogue</STRONG> (Thumb, 156 bytes, Stack size 32 bytes, depilogue.o(.text))
<BR><BR>[Stack]<UL><LI>Max Depth = 40<LI>Call Chain = _double_epilogue &rArr; _double_round
</UL>
<BR>[Calls]<UL><LI><a href="#[75]">&gt;&gt;</a>&nbsp;&nbsp;&nbsp;_double_round
<LI><a href="#[6c]">&gt;&gt;</a>&nbsp;&nbsp;&nbsp;__aeabi_llsr
<LI><a href="#[6d]">&gt;&gt;</a>&nbsp;&nbsp;&nbsp;__aeabi_llsl
</UL>
<BR>[Called By]<UL><LI><a href="#[73]">&gt;&gt;</a>&nbsp;&nbsp;&nbsp;__aeabi_ui2d
<LI><a href="#[71]">&gt;&gt;</a>&nbsp;&nbsp;&nbsp;__aeabi_dmul
</UL>

<P><STRONG><a name="[6a]"></a>__scatterload</STRONG> (Thumb, 28 bytes, Stack size 0 bytes, init.o(.text))
<BR><BR>[Calls]<UL><LI><a href="#[76]">&gt;&gt;</a>&nbsp;&nbsp;&nbsp;__main_after_scatterload
</UL>
<BR>[Called By]<UL><LI><a href="#[69]">&gt;&gt;</a>&nbsp;&nbsp;&nbsp;_main_scatterload
</UL>

<P><STRONG><a name="[13d]"></a>__scatterload_rt2</STRONG> (Thumb, 0 bytes, Stack size 0 bytes, init.o(.text), UNUSED)

<P><STRONG><a name="[9f]"></a>BSP_SD_AbortCallback</STRONG> (Thumb, 2 bytes, Stack size 0 bytes, bsp_driver_sd.o(i.BSP_SD_AbortCallback))
<BR><BR>[Called By]<UL><LI><a href="#[9e]">&gt;&gt;</a>&nbsp;&nbsp;&nbsp;HAL_SD_AbortCallback
</UL>

<P><STRONG><a name="[77]"></a>BSP_SD_GetCardInfo</STRONG> (Thumb, 8 bytes, Stack size 0 bytes, bsp_driver_sd.o(i.BSP_SD_GetCardInfo))
<BR><BR>[Calls]<UL><LI><a href="#[78]">&gt;&gt;</a>&nbsp;&nbsp;&nbsp;HAL_SD_GetCardInfo
</UL>
<BR>[Called By]<UL><LI><a href="#[68]">&gt;&gt;</a>&nbsp;&nbsp;&nbsp;SD_ioctl
</UL>

<P><STRONG><a name="[79]"></a>BSP_SD_GetCardState</STRONG> (Thumb, 20 bytes, Stack size 8 bytes, bsp_driver_sd.o(i.BSP_SD_GetCardState))
<BR><BR>[Stack]<UL><LI>Max Depth = 64<LI>Call Chain = BSP_SD_GetCardState &rArr; HAL_SD_GetCardState &rArr; SDMMC_CmdSendStatus &rArr; SDMMC_GetCmdResp1
</UL>
<BR>[Calls]<UL><LI><a href="#[7a]">&gt;&gt;</a>&nbsp;&nbsp;&nbsp;HAL_SD_GetCardState
</UL>
<BR>[Called By]<UL><LI><a href="#[67]">&gt;&gt;</a>&nbsp;&nbsp;&nbsp;SD_write
<LI><a href="#[66]">&gt;&gt;</a>&nbsp;&nbsp;&nbsp;SD_read
<LI><a href="#[f1]">&gt;&gt;</a>&nbsp;&nbsp;&nbsp;SD_CheckStatusWithTimeout
<LI><a href="#[f0]">&gt;&gt;</a>&nbsp;&nbsp;&nbsp;SD_CheckStatus
</UL>

<P><STRONG><a name="[7b]"></a>BSP_SD_Init</STRONG> (Thumb, 42 bytes, Stack size 8 bytes, bsp_driver_sd.o(i.BSP_SD_Init))
<BR><BR>[Stack]<UL><LI>Max Depth = 172<LI>Call Chain = BSP_SD_Init &rArr; HAL_SD_Init &rArr; HAL_SD_InitCard &rArr; SD_InitCard &rArr; SDMMC_CmdSetRelAdd &rArr; SDMMC_GetCmdResp6
</UL>
<BR>[Calls]<UL><LI><a href="#[7c]">&gt;&gt;</a>&nbsp;&nbsp;&nbsp;BSP_SD_IsDetected
<LI><a href="#[7d]">&gt;&gt;</a>&nbsp;&nbsp;&nbsp;HAL_SD_Init
<LI><a href="#[7e]">&gt;&gt;</a>&nbsp;&nbsp;&nbsp;HAL_SD_ConfigWideBusOperation
</UL>
<BR>[Called By]<UL><LI><a href="#[64]">&gt;&gt;</a>&nbsp;&nbsp;&nbsp;SD_initialize
</UL>

<P><STRONG><a name="[7c]"></a>BSP_SD_IsDetected</STRONG> (Thumb, 14 bytes, Stack size 8 bytes, bsp_driver_sd.o(i.BSP_SD_IsDetected))
<BR><BR>[Stack]<UL><LI>Max Depth = 8<LI>Call Chain = BSP_SD_IsDetected
</UL>
<BR>[Called By]<UL><LI><a href="#[7b]">&gt;&gt;</a>&nbsp;&nbsp;&nbsp;BSP_SD_Init
</UL>

<P><STRONG><a name="[7f]"></a>BSP_SD_ReadBlocks_DMA</STRONG> (Thumb, 24 bytes, Stack size 8 bytes, bsp_driver_sd.o(i.BSP_SD_ReadBlocks_DMA))
<BR><BR>[Stack]<UL><LI>Max Depth = 104<LI>Call Chain = BSP_SD_ReadBlocks_DMA &rArr; HAL_SD_ReadBlocks_DMA &rArr; SDMMC_CmdReadSingleBlock &rArr; SDMMC_GetCmdResp1
</UL>
<BR>[Calls]<UL><LI><a href="#[80]">&gt;&gt;</a>&nbsp;&nbsp;&nbsp;HAL_SD_ReadBlocks_DMA
</UL>
<BR>[Called By]<UL><LI><a href="#[66]">&gt;&gt;</a>&nbsp;&nbsp;&nbsp;SD_read
</UL>

<P><STRONG><a name="[bb]"></a>BSP_SD_ReadCpltCallback</STRONG> (Thumb, 8 bytes, Stack size 0 bytes, sd_diskio.o(i.BSP_SD_ReadCpltCallback))
<BR><BR>[Called By]<UL><LI><a href="#[aa]">&gt;&gt;</a>&nbsp;&nbsp;&nbsp;HAL_SD_RxCpltCallback
</UL>

<P><STRONG><a name="[81]"></a>BSP_SD_WriteBlocks_DMA</STRONG> (Thumb, 24 bytes, Stack size 8 bytes, bsp_driver_sd.o(i.BSP_SD_WriteBlocks_DMA))
<BR><BR>[Stack]<UL><LI>Max Depth = 128<LI>Call Chain = BSP_SD_WriteBlocks_DMA &rArr; HAL_SD_WriteBlocks_DMA &rArr; SDMMC_CmdWriteSingleBlock &rArr; SDMMC_GetCmdResp1
</UL>
<BR>[Calls]<UL><LI><a href="#[82]">&gt;&gt;</a>&nbsp;&nbsp;&nbsp;HAL_SD_WriteBlocks_DMA
</UL>
<BR>[Called By]<UL><LI><a href="#[67]">&gt;&gt;</a>&nbsp;&nbsp;&nbsp;SD_write
</UL>

<P><STRONG><a name="[bc]"></a>BSP_SD_WriteCpltCallback</STRONG> (Thumb, 8 bytes, Stack size 0 bytes, sd_diskio.o(i.BSP_SD_WriteCpltCallback))
<BR><BR>[Called By]<UL><LI><a href="#[ab]">&gt;&gt;</a>&nbsp;&nbsp;&nbsp;HAL_SD_TxCpltCallback
</UL>

<P><STRONG><a name="[4]"></a>BusFault_Handler</STRONG> (Thumb, 2 bytes, Stack size 0 bytes, stm32f4xx_it.o(i.BusFault_Handler))
<BR><BR>[Calls]<UL><LI><a href="#[4]">&gt;&gt;</a>&nbsp;&nbsp;&nbsp;BusFault_Handler
</UL>
<BR>[Called By]<UL><LI><a href="#[4]">&gt;&gt;</a>&nbsp;&nbsp;&nbsp;BusFault_Handler
</UL>
<BR>[Address Reference Count : 1]<UL><LI> startup_stm32f407xx.o(RESET)
</UL>
<P><STRONG><a name="[45]"></a>DMA2_Stream3_IRQHandler</STRONG> (Thumb, 6 bytes, Stack size 0 bytes, stm32f4xx_it.o(i.DMA2_Stream3_IRQHandler))
<BR><BR>[Stack]<UL><LI>Max Depth = 32<LI>Call Chain = DMA2_Stream3_IRQHandler &rArr; HAL_DMA_IRQHandler
</UL>
<BR>[Calls]<UL><LI><a href="#[83]">&gt;&gt;</a>&nbsp;&nbsp;&nbsp;HAL_DMA_IRQHandler
</UL>
<BR>[Address Reference Count : 1]<UL><LI> startup_stm32f407xx.o(RESET)
</UL>
<P><STRONG><a name="[4f]"></a>DMA2_Stream6_IRQHandler</STRONG> (Thumb, 6 bytes, Stack size 0 bytes, stm32f4xx_it.o(i.DMA2_Stream6_IRQHandler))
<BR><BR>[Stack]<UL><LI>Max Depth = 32<LI>Call Chain = DMA2_Stream6_IRQHandler &rArr; HAL_DMA_IRQHandler
</UL>
<BR>[Calls]<UL><LI><a href="#[83]">&gt;&gt;</a>&nbsp;&nbsp;&nbsp;HAL_DMA_IRQHandler
</UL>
<BR>[Address Reference Count : 1]<UL><LI> startup_stm32f407xx.o(RESET)
</UL>
<P><STRONG><a name="[7]"></a>DebugMon_Handler</STRONG> (Thumb, 2 bytes, Stack size 0 bytes, stm32f4xx_it.o(i.DebugMon_Handler))
<BR>[Address Reference Count : 1]<UL><LI> startup_stm32f407xx.o(RESET)
</UL>
<P><STRONG><a name="[b5]"></a>Error_Handler</STRONG> (Thumb, 2 bytes, Stack size 0 bytes, main.o(i.Error_Handler))
<BR><BR>[Called By]<UL><LI><a href="#[ae]">&gt;&gt;</a>&nbsp;&nbsp;&nbsp;HAL_SD_MspInit
<LI><a href="#[e2]">&gt;&gt;</a>&nbsp;&nbsp;&nbsp;MX_USART3_UART_Init
<LI><a href="#[e1]">&gt;&gt;</a>&nbsp;&nbsp;&nbsp;MX_USART1_UART_Init
<LI><a href="#[e0]">&gt;&gt;</a>&nbsp;&nbsp;&nbsp;MX_TIM7_Init
<LI><a href="#[de]">&gt;&gt;</a>&nbsp;&nbsp;&nbsp;MX_TIM6_Init
<LI><a href="#[dd]">&gt;&gt;</a>&nbsp;&nbsp;&nbsp;MX_RTC_Init
</UL>

<P><STRONG><a name="[84]"></a>FATFS_LinkDriver</STRONG> (Thumb, 6 bytes, Stack size 0 bytes, ff_gen_drv.o(i.FATFS_LinkDriver))
<BR><BR>[Stack]<UL><LI>Max Depth = 12<LI>Call Chain = FATFS_LinkDriver &rArr; FATFS_LinkDriverEx
</UL>
<BR>[Calls]<UL><LI><a href="#[85]">&gt;&gt;</a>&nbsp;&nbsp;&nbsp;FATFS_LinkDriverEx
</UL>
<BR>[Called By]<UL><LI><a href="#[da]">&gt;&gt;</a>&nbsp;&nbsp;&nbsp;MX_FATFS_Init
</UL>

<P><STRONG><a name="[85]"></a>FATFS_LinkDriverEx</STRONG> (Thumb, 58 bytes, Stack size 12 bytes, ff_gen_drv.o(i.FATFS_LinkDriverEx))
<BR><BR>[Stack]<UL><LI>Max Depth = 12<LI>Call Chain = FATFS_LinkDriverEx
</UL>
<BR>[Called By]<UL><LI><a href="#[84]">&gt;&gt;</a>&nbsp;&nbsp;&nbsp;FATFS_LinkDriver
</UL>

<P><STRONG><a name="[86]"></a>Fill_Format</STRONG> (Thumb, 72 bytes, Stack size 16 bytes, logger.o(i.Fill_Format))
<BR><BR>[Stack]<UL><LI>Max Depth = 24<LI>Call Chain = Fill_Format &rArr; strncpy
</UL>
<BR>[Calls]<UL><LI><a href="#[87]">&gt;&gt;</a>&nbsp;&nbsp;&nbsp;strncpy
<LI><a href="#[6e]">&gt;&gt;</a>&nbsp;&nbsp;&nbsp;__aeabi_memclr
</UL>
<BR>[Called By]<UL><LI><a href="#[d8]">&gt;&gt;</a>&nbsp;&nbsp;&nbsp;Write_Format
</UL>

<P><STRONG><a name="[12e]"></a>GetMillis</STRONG> (Thumb, 32 bytes, Stack size 0 bytes, tim.o(i.GetMillis))
<BR><BR>[Called By]<UL><LI><a href="#[5b]">&gt;&gt;</a>&nbsp;&nbsp;&nbsp;main
</UL>

<P><STRONG><a name="[ad]"></a>HAL_DMA_Abort_IT</STRONG> (Thumb, 36 bytes, Stack size 0 bytes, stm32f4xx_hal_dma.o(i.HAL_DMA_Abort_IT))
<BR><BR>[Called By]<UL><LI><a href="#[ca]">&gt;&gt;</a>&nbsp;&nbsp;&nbsp;HAL_UART_IRQHandler
<LI><a href="#[a6]">&gt;&gt;</a>&nbsp;&nbsp;&nbsp;HAL_SD_IRQHandler
</UL>

<P><STRONG><a name="[f2]"></a>HAL_DMA_GetError</STRONG> (Thumb, 4 bytes, Stack size 0 bytes, stm32f4xx_hal_dma.o(i.HAL_DMA_GetError))
<BR><BR>[Called By]<UL><LI><a href="#[61]">&gt;&gt;</a>&nbsp;&nbsp;&nbsp;SD_DMAError
</UL>

<P><STRONG><a name="[83]"></a>HAL_DMA_IRQHandler</STRONG> (Thumb, 412 bytes, Stack size 32 bytes, stm32f4xx_hal_dma.o(i.HAL_DMA_IRQHandler))
<BR><BR>[Stack]<UL><LI>Max Depth = 32<LI>Call Chain = HAL_DMA_IRQHandler
</UL>
<BR>[Called By]<UL><LI><a href="#[4f]">&gt;&gt;</a>&nbsp;&nbsp;&nbsp;DMA2_Stream6_IRQHandler
<LI><a href="#[45]">&gt;&gt;</a>&nbsp;&nbsp;&nbsp;DMA2_Stream3_IRQHandler
</UL>

<P><STRONG><a name="[88]"></a>HAL_DMA_Init</STRONG> (Thumb, 206 bytes, Stack size 24 bytes, stm32f4xx_hal_dma.o(i.HAL_DMA_Init))
<BR><BR>[Stack]<UL><LI>Max Depth = 32<LI>Call Chain = HAL_DMA_Init &rArr; DMA_CheckFifoParam
</UL>
<BR>[Calls]<UL><LI><a href="#[8a]">&gt;&gt;</a>&nbsp;&nbsp;&nbsp;DMA_CheckFifoParam
<LI><a href="#[8b]">&gt;&gt;</a>&nbsp;&nbsp;&nbsp;DMA_CalcBaseAndBitshift
<LI><a href="#[89]">&gt;&gt;</a>&nbsp;&nbsp;&nbsp;HAL_GetTick
</UL>
<BR>[Called By]<UL><LI><a href="#[ae]">&gt;&gt;</a>&nbsp;&nbsp;&nbsp;HAL_SD_MspInit
</UL>

<P><STRONG><a name="[8c]"></a>HAL_DMA_Start_IT</STRONG> (Thumb, 110 bytes, Stack size 24 bytes, stm32f4xx_hal_dma.o(i.HAL_DMA_Start_IT))
<BR><BR>[Stack]<UL><LI>Max Depth = 36<LI>Call Chain = HAL_DMA_Start_IT &rArr; DMA_SetConfig
</UL>
<BR>[Calls]<UL><LI><a href="#[8d]">&gt;&gt;</a>&nbsp;&nbsp;&nbsp;DMA_SetConfig
</UL>
<BR>[Called By]<UL><LI><a href="#[82]">&gt;&gt;</a>&nbsp;&nbsp;&nbsp;HAL_SD_WriteBlocks_DMA
<LI><a href="#[80]">&gt;&gt;</a>&nbsp;&nbsp;&nbsp;HAL_SD_ReadBlocks_DMA
</UL>

<P><STRONG><a name="[8e]"></a>HAL_Delay</STRONG> (Thumb, 32 bytes, Stack size 16 bytes, stm32f4xx_hal.o(i.HAL_Delay))
<BR><BR>[Stack]<UL><LI>Max Depth = 16<LI>Call Chain = HAL_Delay
</UL>
<BR>[Calls]<UL><LI><a href="#[89]">&gt;&gt;</a>&nbsp;&nbsp;&nbsp;HAL_GetTick
</UL>
<BR>[Called By]<UL><LI><a href="#[5b]">&gt;&gt;</a>&nbsp;&nbsp;&nbsp;main
<LI><a href="#[b0]">&gt;&gt;</a>&nbsp;&nbsp;&nbsp;SDIO_PowerState_ON
</UL>

<P><STRONG><a name="[b4]"></a>HAL_GPIO_Init</STRONG> (Thumb, 394 bytes, Stack size 40 bytes, stm32f4xx_hal_gpio.o(i.HAL_GPIO_Init))
<BR><BR>[Stack]<UL><LI>Max Depth = 40<LI>Call Chain = HAL_GPIO_Init
</UL>
<BR>[Called By]<UL><LI><a href="#[d1]">&gt;&gt;</a>&nbsp;&nbsp;&nbsp;HAL_UART_MspInit
<LI><a href="#[ae]">&gt;&gt;</a>&nbsp;&nbsp;&nbsp;HAL_SD_MspInit
<LI><a href="#[db]">&gt;&gt;</a>&nbsp;&nbsp;&nbsp;MX_GPIO_Init
</UL>

<P><STRONG><a name="[12f]"></a>HAL_GPIO_TogglePin</STRONG> (Thumb, 14 bytes, Stack size 0 bytes, stm32f4xx_hal_gpio.o(i.HAL_GPIO_TogglePin))
<BR><BR>[Called By]<UL><LI><a href="#[5b]">&gt;&gt;</a>&nbsp;&nbsp;&nbsp;main
</UL>

<P><STRONG><a name="[dc]"></a>HAL_GPIO_WritePin</STRONG> (Thumb, 10 bytes, Stack size 0 bytes, stm32f4xx_hal_gpio.o(i.HAL_GPIO_WritePin))
<BR><BR>[Called By]<UL><LI><a href="#[db]">&gt;&gt;</a>&nbsp;&nbsp;&nbsp;MX_GPIO_Init
</UL>

<P><STRONG><a name="[89]"></a>HAL_GetTick</STRONG> (Thumb, 6 bytes, Stack size 0 bytes, stm32f4xx_hal.o(i.HAL_GetTick))
<BR><BR>[Called By]<UL><LI><a href="#[88]">&gt;&gt;</a>&nbsp;&nbsp;&nbsp;HAL_DMA_Init
<LI><a href="#[99]">&gt;&gt;</a>&nbsp;&nbsp;&nbsp;HAL_RCC_OscConfig
<LI><a href="#[97]">&gt;&gt;</a>&nbsp;&nbsp;&nbsp;HAL_RCC_ClockConfig
<LI><a href="#[96]">&gt;&gt;</a>&nbsp;&nbsp;&nbsp;HAL_RCCEx_PeriphCLKConfig
<LI><a href="#[8e]">&gt;&gt;</a>&nbsp;&nbsp;&nbsp;HAL_Delay
<LI><a href="#[67]">&gt;&gt;</a>&nbsp;&nbsp;&nbsp;SD_write
<LI><a href="#[66]">&gt;&gt;</a>&nbsp;&nbsp;&nbsp;SD_read
<LI><a href="#[f1]">&gt;&gt;</a>&nbsp;&nbsp;&nbsp;SD_CheckStatusWithTimeout
<LI><a href="#[9c]">&gt;&gt;</a>&nbsp;&nbsp;&nbsp;RTC_EnterInitMode
<LI><a href="#[9d]">&gt;&gt;</a>&nbsp;&nbsp;&nbsp;HAL_RTC_WaitForSynchro
<LI><a href="#[a1]">&gt;&gt;</a>&nbsp;&nbsp;&nbsp;SD_FindSCR
</UL>

<P><STRONG><a name="[f5]"></a>HAL_IncTick</STRONG> (Thumb, 12 bytes, Stack size 0 bytes, stm32f4xx_hal.o(i.HAL_IncTick))
<BR><BR>[Called By]<UL><LI><a href="#[9]">&gt;&gt;</a>&nbsp;&nbsp;&nbsp;SysTick_Handler
</UL>

<P><STRONG><a name="[8f]"></a>HAL_Init</STRONG> (Thumb, 48 bytes, Stack size 8 bytes, stm32f4xx_hal.o(i.HAL_Init))
<BR><BR>[Stack]<UL><LI>Max Depth = 40<LI>Call Chain = HAL_Init &rArr; HAL_InitTick &rArr; HAL_NVIC_SetPriority
</UL>
<BR>[Calls]<UL><LI><a href="#[92]">&gt;&gt;</a>&nbsp;&nbsp;&nbsp;HAL_MspInit
<LI><a href="#[91]">&gt;&gt;</a>&nbsp;&nbsp;&nbsp;HAL_InitTick
<LI><a href="#[90]">&gt;&gt;</a>&nbsp;&nbsp;&nbsp;HAL_NVIC_SetPriorityGrouping
</UL>
<BR>[Called By]<UL><LI><a href="#[5b]">&gt;&gt;</a>&nbsp;&nbsp;&nbsp;main
</UL>

<P><STRONG><a name="[91]"></a>HAL_InitTick</STRONG> (Thumb, 54 bytes, Stack size 16 bytes, stm32f4xx_hal.o(i.HAL_InitTick))
<BR><BR>[Stack]<UL><LI>Max Depth = 32<LI>Call Chain = HAL_InitTick &rArr; HAL_NVIC_SetPriority
</UL>
<BR>[Calls]<UL><LI><a href="#[94]">&gt;&gt;</a>&nbsp;&nbsp;&nbsp;HAL_NVIC_SetPriority
<LI><a href="#[93]">&gt;&gt;</a>&nbsp;&nbsp;&nbsp;HAL_SYSTICK_Config
</UL>
<BR>[Called By]<UL><LI><a href="#[97]">&gt;&gt;</a>&nbsp;&nbsp;&nbsp;HAL_RCC_ClockConfig
<LI><a href="#[8f]">&gt;&gt;</a>&nbsp;&nbsp;&nbsp;HAL_Init
</UL>

<P><STRONG><a name="[92]"></a>HAL_MspInit</STRONG> (Thumb, 42 bytes, Stack size 8 bytes, stm32f4xx_hal_msp.o(i.HAL_MspInit))
<BR><BR>[Stack]<UL><LI>Max Depth = 8<LI>Call Chain = HAL_MspInit
</UL>
<BR>[Called By]<UL><LI><a href="#[8f]">&gt;&gt;</a>&nbsp;&nbsp;&nbsp;HAL_Init
</UL>

<P><STRONG><a name="[b6]"></a>HAL_NVIC_EnableIRQ</STRONG> (Thumb, 26 bytes, Stack size 0 bytes, stm32f4xx_hal_cortex.o(i.HAL_NVIC_EnableIRQ))
<BR><BR>[Called By]<UL><LI><a href="#[d1]">&gt;&gt;</a>&nbsp;&nbsp;&nbsp;HAL_UART_MspInit
<LI><a href="#[c0]">&gt;&gt;</a>&nbsp;&nbsp;&nbsp;HAL_TIM_Base_MspInit
<LI><a href="#[ae]">&gt;&gt;</a>&nbsp;&nbsp;&nbsp;HAL_SD_MspInit
<LI><a href="#[d9]">&gt;&gt;</a>&nbsp;&nbsp;&nbsp;MX_DMA_Init
</UL>

<P><STRONG><a name="[94]"></a>HAL_NVIC_SetPriority</STRONG> (Thumb, 60 bytes, Stack size 16 bytes, stm32f4xx_hal_cortex.o(i.HAL_NVIC_SetPriority))
<BR><BR>[Stack]<UL><LI>Max Depth = 16<LI>Call Chain = HAL_NVIC_SetPriority
</UL>
<BR>[Calls]<UL><LI><a href="#[95]">&gt;&gt;</a>&nbsp;&nbsp;&nbsp;__NVIC_SetPriority
</UL>
<BR>[Called By]<UL><LI><a href="#[d1]">&gt;&gt;</a>&nbsp;&nbsp;&nbsp;HAL_UART_MspInit
<LI><a href="#[c0]">&gt;&gt;</a>&nbsp;&nbsp;&nbsp;HAL_TIM_Base_MspInit
<LI><a href="#[ae]">&gt;&gt;</a>&nbsp;&nbsp;&nbsp;HAL_SD_MspInit
<LI><a href="#[d9]">&gt;&gt;</a>&nbsp;&nbsp;&nbsp;MX_DMA_Init
<LI><a href="#[91]">&gt;&gt;</a>&nbsp;&nbsp;&nbsp;HAL_InitTick
</UL>

<P><STRONG><a name="[90]"></a>HAL_NVIC_SetPriorityGrouping</STRONG> (Thumb, 26 bytes, Stack size 0 bytes, stm32f4xx_hal_cortex.o(i.HAL_NVIC_SetPriorityGrouping))
<BR><BR>[Called By]<UL><LI><a href="#[8f]">&gt;&gt;</a>&nbsp;&nbsp;&nbsp;HAL_Init
</UL>

<P><STRONG><a name="[96]"></a>HAL_RCCEx_PeriphCLKConfig</STRONG> (Thumb, 296 bytes, Stack size 32 bytes, stm32f4xx_hal_rcc_ex.o(i.HAL_RCCEx_PeriphCLKConfig))
<BR><BR>[Stack]<UL><LI>Max Depth = 32<LI>Call Chain = HAL_RCCEx_PeriphCLKConfig
</UL>
<BR>[Calls]<UL><LI><a href="#[89]">&gt;&gt;</a>&nbsp;&nbsp;&nbsp;HAL_GetTick
</UL>
<BR>[Called By]<UL><LI><a href="#[f6]">&gt;&gt;</a>&nbsp;&nbsp;&nbsp;SystemClock_Config
</UL>

<P><STRONG><a name="[97]"></a>HAL_RCC_ClockConfig</STRONG> (Thumb, 288 bytes, Stack size 32 bytes, stm32f4xx_hal_rcc.o(i.HAL_RCC_ClockConfig))
<BR><BR>[Stack]<UL><LI>Max Depth = 80<LI>Call Chain = HAL_RCC_ClockConfig &rArr; HAL_RCC_GetSysClockFreq &rArr; __aeabi_uldivmod
</UL>
<BR>[Calls]<UL><LI><a href="#[98]">&gt;&gt;</a>&nbsp;&nbsp;&nbsp;HAL_RCC_GetSysClockFreq
<LI><a href="#[91]">&gt;&gt;</a>&nbsp;&nbsp;&nbsp;HAL_InitTick
<LI><a href="#[89]">&gt;&gt;</a>&nbsp;&nbsp;&nbsp;HAL_GetTick
</UL>
<BR>[Called By]<UL><LI><a href="#[f6]">&gt;&gt;</a>&nbsp;&nbsp;&nbsp;SystemClock_Config
</UL>

<P><STRONG><a name="[f9]"></a>HAL_RCC_GetPCLK1Freq</STRONG> (Thumb, 20 bytes, Stack size 0 bytes, stm32f4xx_hal_rcc.o(i.HAL_RCC_GetPCLK1Freq))
<BR><BR>[Called By]<UL><LI><a href="#[d2]">&gt;&gt;</a>&nbsp;&nbsp;&nbsp;UART_SetConfig
</UL>

<P><STRONG><a name="[f8]"></a>HAL_RCC_GetPCLK2Freq</STRONG> (Thumb, 20 bytes, Stack size 0 bytes, stm32f4xx_hal_rcc.o(i.HAL_RCC_GetPCLK2Freq))
<BR><BR>[Called By]<UL><LI><a href="#[d2]">&gt;&gt;</a>&nbsp;&nbsp;&nbsp;UART_SetConfig
</UL>

<P><STRONG><a name="[98]"></a>HAL_RCC_GetSysClockFreq</STRONG> (Thumb, 88 bytes, Stack size 8 bytes, stm32f4xx_hal_rcc.o(i.HAL_RCC_GetSysClockFreq))
<BR><BR>[Stack]<UL><LI>Max Depth = 48<LI>Call Chain = HAL_RCC_GetSysClockFreq &rArr; __aeabi_uldivmod
</UL>
<BR>[Calls]<UL><LI><a href="#[6b]">&gt;&gt;</a>&nbsp;&nbsp;&nbsp;__aeabi_uldivmod
</UL>
<BR>[Called By]<UL><LI><a href="#[97]">&gt;&gt;</a>&nbsp;&nbsp;&nbsp;HAL_RCC_ClockConfig
</UL>

<P><STRONG><a name="[99]"></a>HAL_RCC_OscConfig</STRONG> (Thumb, 840 bytes, Stack size 40 bytes, stm32f4xx_hal_rcc.o(i.HAL_RCC_OscConfig))
<BR><BR>[Stack]<UL><LI>Max Depth = 40<LI>Call Chain = HAL_RCC_OscConfig
</UL>
<BR>[Calls]<UL><LI><a href="#[89]">&gt;&gt;</a>&nbsp;&nbsp;&nbsp;HAL_GetTick
</UL>
<BR>[Called By]<UL><LI><a href="#[f6]">&gt;&gt;</a>&nbsp;&nbsp;&nbsp;SystemClock_Config
</UL>

<P><STRONG><a name="[9a]"></a>HAL_RTC_Init</STRONG> (Thumb, 166 bytes, Stack size 16 bytes, stm32f4xx_hal_rtc.o(i.HAL_RTC_Init))
<BR><BR>[Stack]<UL><LI>Max Depth = 32<LI>Call Chain = HAL_RTC_Init &rArr; RTC_EnterInitMode
</UL>
<BR>[Calls]<UL><LI><a href="#[9b]">&gt;&gt;</a>&nbsp;&nbsp;&nbsp;HAL_RTC_MspInit
<LI><a href="#[9c]">&gt;&gt;</a>&nbsp;&nbsp;&nbsp;RTC_EnterInitMode
<LI><a href="#[9d]">&gt;&gt;</a>&nbsp;&nbsp;&nbsp;HAL_RTC_WaitForSynchro
</UL>
<BR>[Called By]<UL><LI><a href="#[dd]">&gt;&gt;</a>&nbsp;&nbsp;&nbsp;MX_RTC_Init
</UL>

<P><STRONG><a name="[9b]"></a>HAL_RTC_MspInit</STRONG> (Thumb, 16 bytes, Stack size 0 bytes, rtc.o(i.HAL_RTC_MspInit))
<BR><BR>[Called By]<UL><LI><a href="#[9a]">&gt;&gt;</a>&nbsp;&nbsp;&nbsp;HAL_RTC_Init
</UL>

<P><STRONG><a name="[9d]"></a>HAL_RTC_WaitForSynchro</STRONG> (Thumb, 54 bytes, Stack size 16 bytes, stm32f4xx_hal_rtc.o(i.HAL_RTC_WaitForSynchro))
<BR><BR>[Stack]<UL><LI>Max Depth = 16<LI>Call Chain = HAL_RTC_WaitForSynchro
</UL>
<BR>[Calls]<UL><LI><a href="#[89]">&gt;&gt;</a>&nbsp;&nbsp;&nbsp;HAL_GetTick
</UL>
<BR>[Called By]<UL><LI><a href="#[9a]">&gt;&gt;</a>&nbsp;&nbsp;&nbsp;HAL_RTC_Init
</UL>

<P><STRONG><a name="[9e]"></a>HAL_SD_AbortCallback</STRONG> (Thumb, 8 bytes, Stack size 8 bytes, bsp_driver_sd.o(i.HAL_SD_AbortCallback))
<BR><BR>[Stack]<UL><LI>Max Depth = 8<LI>Call Chain = HAL_SD_AbortCallback
</UL>
<BR>[Calls]<UL><LI><a href="#[9f]">&gt;&gt;</a>&nbsp;&nbsp;&nbsp;BSP_SD_AbortCallback
</UL>
<BR>[Called By]<UL><LI><a href="#[a6]">&gt;&gt;</a>&nbsp;&nbsp;&nbsp;HAL_SD_IRQHandler
<LI><a href="#[5e]">&gt;&gt;</a>&nbsp;&nbsp;&nbsp;SD_DMATxAbort
<LI><a href="#[5f]">&gt;&gt;</a>&nbsp;&nbsp;&nbsp;SD_DMARxAbort
</UL>

<P><STRONG><a name="[7e]"></a>HAL_SD_ConfigWideBusOperation</STRONG> (Thumb, 238 bytes, Stack size 40 bytes, stm32f4xx_hal_sd.o(i.HAL_SD_ConfigWideBusOperation))
<BR><BR>[Stack]<UL><LI>Max Depth = 152<LI>Call Chain = HAL_SD_ConfigWideBusOperation &rArr; SD_FindSCR &rArr; SDMMC_CmdSendSCR &rArr; SDMMC_GetCmdResp1
</UL>
<BR>[Calls]<UL><LI><a href="#[a1]">&gt;&gt;</a>&nbsp;&nbsp;&nbsp;SD_FindSCR
<LI><a href="#[a3]">&gt;&gt;</a>&nbsp;&nbsp;&nbsp;SDMMC_CmdBusWidth
<LI><a href="#[a2]">&gt;&gt;</a>&nbsp;&nbsp;&nbsp;SDMMC_CmdAppCommand
<LI><a href="#[a4]">&gt;&gt;</a>&nbsp;&nbsp;&nbsp;SDIO_Init
<LI><a href="#[a0]">&gt;&gt;</a>&nbsp;&nbsp;&nbsp;SDIO_GetResponse
</UL>
<BR>[Called By]<UL><LI><a href="#[7b]">&gt;&gt;</a>&nbsp;&nbsp;&nbsp;BSP_SD_Init
</UL>

<P><STRONG><a name="[a9]"></a>HAL_SD_ErrorCallback</STRONG> (Thumb, 2 bytes, Stack size 0 bytes, stm32f4xx_hal_sd.o(i.HAL_SD_ErrorCallback))
<BR><BR>[Called By]<UL><LI><a href="#[a6]">&gt;&gt;</a>&nbsp;&nbsp;&nbsp;HAL_SD_IRQHandler
<LI><a href="#[5e]">&gt;&gt;</a>&nbsp;&nbsp;&nbsp;SD_DMATxAbort
<LI><a href="#[5f]">&gt;&gt;</a>&nbsp;&nbsp;&nbsp;SD_DMARxAbort
<LI><a href="#[60]">&gt;&gt;</a>&nbsp;&nbsp;&nbsp;SD_DMAReceiveCplt
<LI><a href="#[61]">&gt;&gt;</a>&nbsp;&nbsp;&nbsp;SD_DMAError
</UL>

<P><STRONG><a name="[f4]"></a>HAL_SD_GetCardCSD</STRONG> (Thumb, 402 bytes, Stack size 20 bytes, stm32f4xx_hal_sd.o(i.HAL_SD_GetCardCSD))
<BR><BR>[Stack]<UL><LI>Max Depth = 20<LI>Call Chain = HAL_SD_GetCardCSD
</UL>
<BR>[Called By]<UL><LI><a href="#[b2]">&gt;&gt;</a>&nbsp;&nbsp;&nbsp;SD_InitCard
</UL>

<P><STRONG><a name="[78]"></a>HAL_SD_GetCardInfo</STRONG> (Thumb, 36 bytes, Stack size 0 bytes, stm32f4xx_hal_sd.o(i.HAL_SD_GetCardInfo))
<BR><BR>[Called By]<UL><LI><a href="#[77]">&gt;&gt;</a>&nbsp;&nbsp;&nbsp;BSP_SD_GetCardInfo
</UL>

<P><STRONG><a name="[7a]"></a>HAL_SD_GetCardState</STRONG> (Thumb, 44 bytes, Stack size 16 bytes, stm32f4xx_hal_sd.o(i.HAL_SD_GetCardState))
<BR><BR>[Stack]<UL><LI>Max Depth = 56<LI>Call Chain = HAL_SD_GetCardState &rArr; SDMMC_CmdSendStatus &rArr; SDMMC_GetCmdResp1
</UL>
<BR>[Calls]<UL><LI><a href="#[a5]">&gt;&gt;</a>&nbsp;&nbsp;&nbsp;SDMMC_CmdSendStatus
<LI><a href="#[a0]">&gt;&gt;</a>&nbsp;&nbsp;&nbsp;SDIO_GetResponse
</UL>
<BR>[Called By]<UL><LI><a href="#[79]">&gt;&gt;</a>&nbsp;&nbsp;&nbsp;BSP_SD_GetCardState
<LI><a href="#[5e]">&gt;&gt;</a>&nbsp;&nbsp;&nbsp;SD_DMATxAbort
<LI><a href="#[5f]">&gt;&gt;</a>&nbsp;&nbsp;&nbsp;SD_DMARxAbort
<LI><a href="#[61]">&gt;&gt;</a>&nbsp;&nbsp;&nbsp;SD_DMAError
</UL>

<P><STRONG><a name="[a6]"></a>HAL_SD_IRQHandler</STRONG> (Thumb, 512 bytes, Stack size 24 bytes, stm32f4xx_hal_sd.o(i.HAL_SD_IRQHandler))
<BR><BR>[Stack]<UL><LI>Max Depth = 88<LI>Call Chain = HAL_SD_IRQHandler &rArr; SD_DMATxAbort &rArr; HAL_SD_GetCardState &rArr; SDMMC_CmdSendStatus &rArr; SDMMC_GetCmdResp1
</UL>
<BR>[Calls]<UL><LI><a href="#[ab]">&gt;&gt;</a>&nbsp;&nbsp;&nbsp;HAL_SD_TxCpltCallback
<LI><a href="#[aa]">&gt;&gt;</a>&nbsp;&nbsp;&nbsp;HAL_SD_RxCpltCallback
<LI><a href="#[9e]">&gt;&gt;</a>&nbsp;&nbsp;&nbsp;HAL_SD_AbortCallback
<LI><a href="#[ad]">&gt;&gt;</a>&nbsp;&nbsp;&nbsp;HAL_DMA_Abort_IT
<LI><a href="#[a9]">&gt;&gt;</a>&nbsp;&nbsp;&nbsp;HAL_SD_ErrorCallback
<LI><a href="#[5e]">&gt;&gt;</a>&nbsp;&nbsp;&nbsp;SD_DMATxAbort
<LI><a href="#[5f]">&gt;&gt;</a>&nbsp;&nbsp;&nbsp;SD_DMARxAbort
<LI><a href="#[a8]">&gt;&gt;</a>&nbsp;&nbsp;&nbsp;SDMMC_CmdStopTransfer
<LI><a href="#[ac]">&gt;&gt;</a>&nbsp;&nbsp;&nbsp;SDIO_WriteFIFO
<LI><a href="#[a7]">&gt;&gt;</a>&nbsp;&nbsp;&nbsp;SDIO_ReadFIFO
</UL>
<BR>[Called By]<UL><LI><a href="#[3b]">&gt;&gt;</a>&nbsp;&nbsp;&nbsp;SDIO_IRQHandler
</UL>

<P><STRONG><a name="[7d]"></a>HAL_SD_Init</STRONG> (Thumb, 54 bytes, Stack size 16 bytes, stm32f4xx_hal_sd.o(i.HAL_SD_Init))
<BR><BR>[Stack]<UL><LI>Max Depth = 164<LI>Call Chain = HAL_SD_Init &rArr; HAL_SD_InitCard &rArr; SD_InitCard &rArr; SDMMC_CmdSetRelAdd &rArr; SDMMC_GetCmdResp6
</UL>
<BR>[Calls]<UL><LI><a href="#[ae]">&gt;&gt;</a>&nbsp;&nbsp;&nbsp;HAL_SD_MspInit
<LI><a href="#[af]">&gt;&gt;</a>&nbsp;&nbsp;&nbsp;HAL_SD_InitCard
</UL>
<BR>[Called By]<UL><LI><a href="#[7b]">&gt;&gt;</a>&nbsp;&nbsp;&nbsp;BSP_SD_Init
</UL>

<P><STRONG><a name="[af]"></a>HAL_SD_InitCard</STRONG> (Thumb, 78 bytes, Stack size 32 bytes, stm32f4xx_hal_sd.o(i.HAL_SD_InitCard))
<BR><BR>[Stack]<UL><LI>Max Depth = 148<LI>Call Chain = HAL_SD_InitCard &rArr; SD_InitCard &rArr; SDMMC_CmdSetRelAdd &rArr; SDMMC_GetCmdResp6
</UL>
<BR>[Calls]<UL><LI><a href="#[b1]">&gt;&gt;</a>&nbsp;&nbsp;&nbsp;SD_PowerON
<LI><a href="#[b2]">&gt;&gt;</a>&nbsp;&nbsp;&nbsp;SD_InitCard
<LI><a href="#[b0]">&gt;&gt;</a>&nbsp;&nbsp;&nbsp;SDIO_PowerState_ON
<LI><a href="#[a4]">&gt;&gt;</a>&nbsp;&nbsp;&nbsp;SDIO_Init
</UL>
<BR>[Called By]<UL><LI><a href="#[7d]">&gt;&gt;</a>&nbsp;&nbsp;&nbsp;HAL_SD_Init
</UL>

<P><STRONG><a name="[ae]"></a>HAL_SD_MspInit</STRONG> (Thumb, 300 bytes, Stack size 64 bytes, sdio.o(i.HAL_SD_MspInit))
<BR><BR>[Stack]<UL><LI>Max Depth = 104<LI>Call Chain = HAL_SD_MspInit &rArr; HAL_GPIO_Init
</UL>
<BR>[Calls]<UL><LI><a href="#[88]">&gt;&gt;</a>&nbsp;&nbsp;&nbsp;HAL_DMA_Init
<LI><a href="#[94]">&gt;&gt;</a>&nbsp;&nbsp;&nbsp;HAL_NVIC_SetPriority
<LI><a href="#[b6]">&gt;&gt;</a>&nbsp;&nbsp;&nbsp;HAL_NVIC_EnableIRQ
<LI><a href="#[b4]">&gt;&gt;</a>&nbsp;&nbsp;&nbsp;HAL_GPIO_Init
<LI><a href="#[b5]">&gt;&gt;</a>&nbsp;&nbsp;&nbsp;Error_Handler
<LI><a href="#[b3]">&gt;&gt;</a>&nbsp;&nbsp;&nbsp;__aeabi_memclr4
</UL>
<BR>[Called By]<UL><LI><a href="#[7d]">&gt;&gt;</a>&nbsp;&nbsp;&nbsp;HAL_SD_Init
</UL>

<P><STRONG><a name="[80]"></a>HAL_SD_ReadBlocks_DMA</STRONG> (Thumb, 288 bytes, Stack size 56 bytes, stm32f4xx_hal_sd.o(i.HAL_SD_ReadBlocks_DMA))
<BR><BR>[Stack]<UL><LI>Max Depth = 96<LI>Call Chain = HAL_SD_ReadBlocks_DMA &rArr; SDMMC_CmdReadSingleBlock &rArr; SDMMC_GetCmdResp1
</UL>
<BR>[Calls]<UL><LI><a href="#[8c]">&gt;&gt;</a>&nbsp;&nbsp;&nbsp;HAL_DMA_Start_IT
<LI><a href="#[ba]">&gt;&gt;</a>&nbsp;&nbsp;&nbsp;SDMMC_CmdReadSingleBlock
<LI><a href="#[b9]">&gt;&gt;</a>&nbsp;&nbsp;&nbsp;SDMMC_CmdReadMultiBlock
<LI><a href="#[b7]">&gt;&gt;</a>&nbsp;&nbsp;&nbsp;SDMMC_CmdBlockLength
<LI><a href="#[b8]">&gt;&gt;</a>&nbsp;&nbsp;&nbsp;SDIO_ConfigData
</UL>
<BR>[Called By]<UL><LI><a href="#[7f]">&gt;&gt;</a>&nbsp;&nbsp;&nbsp;BSP_SD_ReadBlocks_DMA
</UL>

<P><STRONG><a name="[aa]"></a>HAL_SD_RxCpltCallback</STRONG> (Thumb, 8 bytes, Stack size 8 bytes, bsp_driver_sd.o(i.HAL_SD_RxCpltCallback))
<BR><BR>[Stack]<UL><LI>Max Depth = 8<LI>Call Chain = HAL_SD_RxCpltCallback
</UL>
<BR>[Calls]<UL><LI><a href="#[bb]">&gt;&gt;</a>&nbsp;&nbsp;&nbsp;BSP_SD_ReadCpltCallback
</UL>
<BR>[Called By]<UL><LI><a href="#[a6]">&gt;&gt;</a>&nbsp;&nbsp;&nbsp;HAL_SD_IRQHandler
<LI><a href="#[60]">&gt;&gt;</a>&nbsp;&nbsp;&nbsp;SD_DMAReceiveCplt
</UL>

<P><STRONG><a name="[ab]"></a>HAL_SD_TxCpltCallback</STRONG> (Thumb, 8 bytes, Stack size 8 bytes, bsp_driver_sd.o(i.HAL_SD_TxCpltCallback))
<BR><BR>[Stack]<UL><LI>Max Depth = 8<LI>Call Chain = HAL_SD_TxCpltCallback
</UL>
<BR>[Calls]<UL><LI><a href="#[bc]">&gt;&gt;</a>&nbsp;&nbsp;&nbsp;BSP_SD_WriteCpltCallback
</UL>
<BR>[Called By]<UL><LI><a href="#[a6]">&gt;&gt;</a>&nbsp;&nbsp;&nbsp;HAL_SD_IRQHandler
</UL>

<P><STRONG><a name="[82]"></a>HAL_SD_WriteBlocks_DMA</STRONG> (Thumb, 290 bytes, Stack size 80 bytes, stm32f4xx_hal_sd.o(i.HAL_SD_WriteBlocks_DMA))
<BR><BR>[Stack]<UL><LI>Max Depth = 120<LI>Call Chain = HAL_SD_WriteBlocks_DMA &rArr; SDMMC_CmdWriteSingleBlock &rArr; SDMMC_GetCmdResp1
</UL>
<BR>[Calls]<UL><LI><a href="#[8c]">&gt;&gt;</a>&nbsp;&nbsp;&nbsp;HAL_DMA_Start_IT
<LI><a href="#[be]">&gt;&gt;</a>&nbsp;&nbsp;&nbsp;SDMMC_CmdWriteSingleBlock
<LI><a href="#[bd]">&gt;&gt;</a>&nbsp;&nbsp;&nbsp;SDMMC_CmdWriteMultiBlock
<LI><a href="#[b7]">&gt;&gt;</a>&nbsp;&nbsp;&nbsp;SDMMC_CmdBlockLength
<LI><a href="#[b8]">&gt;&gt;</a>&nbsp;&nbsp;&nbsp;SDIO_ConfigData
</UL>
<BR>[Called By]<UL><LI><a href="#[81]">&gt;&gt;</a>&nbsp;&nbsp;&nbsp;BSP_SD_WriteBlocks_DMA
</UL>

<P><STRONG><a name="[93]"></a>HAL_SYSTICK_Config</STRONG> (Thumb, 40 bytes, Stack size 8 bytes, stm32f4xx_hal_cortex.o(i.HAL_SYSTICK_Config))
<BR><BR>[Stack]<UL><LI>Max Depth = 8<LI>Call Chain = HAL_SYSTICK_Config
</UL>
<BR>[Calls]<UL><LI><a href="#[95]">&gt;&gt;</a>&nbsp;&nbsp;&nbsp;__NVIC_SetPriority
</UL>
<BR>[Called By]<UL><LI><a href="#[91]">&gt;&gt;</a>&nbsp;&nbsp;&nbsp;HAL_InitTick
</UL>

<P><STRONG><a name="[c7]"></a>HAL_TIMEx_BreakCallback</STRONG> (Thumb, 2 bytes, Stack size 0 bytes, stm32f4xx_hal_tim_ex.o(i.HAL_TIMEx_BreakCallback))
<BR><BR>[Called By]<UL><LI><a href="#[c2]">&gt;&gt;</a>&nbsp;&nbsp;&nbsp;HAL_TIM_IRQHandler
</UL>

<P><STRONG><a name="[c9]"></a>HAL_TIMEx_CommutCallback</STRONG> (Thumb, 2 bytes, Stack size 0 bytes, stm32f4xx_hal_tim_ex.o(i.HAL_TIMEx_CommutCallback))
<BR><BR>[Called By]<UL><LI><a href="#[c2]">&gt;&gt;</a>&nbsp;&nbsp;&nbsp;HAL_TIM_IRQHandler
</UL>

<P><STRONG><a name="[df]"></a>HAL_TIMEx_MasterConfigSynchronization</STRONG> (Thumb, 116 bytes, Stack size 16 bytes, stm32f4xx_hal_tim_ex.o(i.HAL_TIMEx_MasterConfigSynchronization))
<BR><BR>[Stack]<UL><LI>Max Depth = 16<LI>Call Chain = HAL_TIMEx_MasterConfigSynchronization
</UL>
<BR>[Called By]<UL><LI><a href="#[e0]">&gt;&gt;</a>&nbsp;&nbsp;&nbsp;MX_TIM7_Init
<LI><a href="#[de]">&gt;&gt;</a>&nbsp;&nbsp;&nbsp;MX_TIM6_Init
</UL>

<P><STRONG><a name="[bf]"></a>HAL_TIM_Base_Init</STRONG> (Thumb, 54 bytes, Stack size 8 bytes, stm32f4xx_hal_tim.o(i.HAL_TIM_Base_Init))
<BR><BR>[Stack]<UL><LI>Max Depth = 32<LI>Call Chain = HAL_TIM_Base_Init &rArr; HAL_TIM_Base_MspInit &rArr; HAL_NVIC_SetPriority
</UL>
<BR>[Calls]<UL><LI><a href="#[c0]">&gt;&gt;</a>&nbsp;&nbsp;&nbsp;HAL_TIM_Base_MspInit
<LI><a href="#[c1]">&gt;&gt;</a>&nbsp;&nbsp;&nbsp;TIM_Base_SetConfig
</UL>
<BR>[Called By]<UL><LI><a href="#[e0]">&gt;&gt;</a>&nbsp;&nbsp;&nbsp;MX_TIM7_Init
<LI><a href="#[de]">&gt;&gt;</a>&nbsp;&nbsp;&nbsp;MX_TIM6_Init
</UL>

<P><STRONG><a name="[c0]"></a>HAL_TIM_Base_MspInit</STRONG> (Thumb, 86 bytes, Stack size 8 bytes, tim.o(i.HAL_TIM_Base_MspInit))
<BR><BR>[Stack]<UL><LI>Max Depth = 24<LI>Call Chain = HAL_TIM_Base_MspInit &rArr; HAL_NVIC_SetPriority
</UL>
<BR>[Calls]<UL><LI><a href="#[94]">&gt;&gt;</a>&nbsp;&nbsp;&nbsp;HAL_NVIC_SetPriority
<LI><a href="#[b6]">&gt;&gt;</a>&nbsp;&nbsp;&nbsp;HAL_NVIC_EnableIRQ
</UL>
<BR>[Called By]<UL><LI><a href="#[bf]">&gt;&gt;</a>&nbsp;&nbsp;&nbsp;HAL_TIM_Base_Init
</UL>

<P><STRONG><a name="[12d]"></a>HAL_TIM_Base_Start_IT</STRONG> (Thumb, 34 bytes, Stack size 0 bytes, stm32f4xx_hal_tim.o(i.HAL_TIM_Base_Start_IT))
<BR><BR>[Called By]<UL><LI><a href="#[5b]">&gt;&gt;</a>&nbsp;&nbsp;&nbsp;main
</UL>

<P><STRONG><a name="[c3]"></a>HAL_TIM_IC_CaptureCallback</STRONG> (Thumb, 2 bytes, Stack size 0 bytes, stm32f4xx_hal_tim.o(i.HAL_TIM_IC_CaptureCallback))
<BR><BR>[Called By]<UL><LI><a href="#[c2]">&gt;&gt;</a>&nbsp;&nbsp;&nbsp;HAL_TIM_IRQHandler
</UL>

<P><STRONG><a name="[c2]"></a>HAL_TIM_IRQHandler</STRONG> (Thumb, 358 bytes, Stack size 16 bytes, stm32f4xx_hal_tim.o(i.HAL_TIM_IRQHandler))
<BR><BR>[Stack]<UL><LI>Max Depth = 16<LI>Call Chain = HAL_TIM_IRQHandler
</UL>
<BR>[Calls]<UL><LI><a href="#[c6]">&gt;&gt;</a>&nbsp;&nbsp;&nbsp;HAL_TIM_PeriodElapsedCallback
<LI><a href="#[c8]">&gt;&gt;</a>&nbsp;&nbsp;&nbsp;HAL_TIM_TriggerCallback
<LI><a href="#[c5]">&gt;&gt;</a>&nbsp;&nbsp;&nbsp;HAL_TIM_PWM_PulseFinishedCallback
<LI><a href="#[c4]">&gt;&gt;</a>&nbsp;&nbsp;&nbsp;HAL_TIM_OC_DelayElapsedCallback
<LI><a href="#[c3]">&gt;&gt;</a>&nbsp;&nbsp;&nbsp;HAL_TIM_IC_CaptureCallback
<LI><a href="#[c9]">&gt;&gt;</a>&nbsp;&nbsp;&nbsp;HAL_TIMEx_CommutCallback
<LI><a href="#[c7]">&gt;&gt;</a>&nbsp;&nbsp;&nbsp;HAL_TIMEx_BreakCallback
</UL>
<BR>[Called By]<UL><LI><a href="#[41]">&gt;&gt;</a>&nbsp;&nbsp;&nbsp;TIM7_IRQHandler
<LI><a href="#[40]">&gt;&gt;</a>&nbsp;&nbsp;&nbsp;TIM6_DAC_IRQHandler
</UL>

<P><STRONG><a name="[c4]"></a>HAL_TIM_OC_DelayElapsedCallback</STRONG> (Thumb, 2 bytes, Stack size 0 bytes, stm32f4xx_hal_tim.o(i.HAL_TIM_OC_DelayElapsedCallback))
<BR><BR>[Called By]<UL><LI><a href="#[c2]">&gt;&gt;</a>&nbsp;&nbsp;&nbsp;HAL_TIM_IRQHandler
</UL>

<P><STRONG><a name="[c5]"></a>HAL_TIM_PWM_PulseFinishedCallback</STRONG> (Thumb, 2 bytes, Stack size 0 bytes, stm32f4xx_hal_tim.o(i.HAL_TIM_PWM_PulseFinishedCallback))
<BR><BR>[Called By]<UL><LI><a href="#[c2]">&gt;&gt;</a>&nbsp;&nbsp;&nbsp;HAL_TIM_IRQHandler
</UL>

<P><STRONG><a name="[c6]"></a>HAL_TIM_PeriodElapsedCallback</STRONG> (Thumb, 54 bytes, Stack size 0 bytes, tim.o(i.HAL_TIM_PeriodElapsedCallback))
<BR><BR>[Called By]<UL><LI><a href="#[c2]">&gt;&gt;</a>&nbsp;&nbsp;&nbsp;HAL_TIM_IRQHandler
</UL>

<P><STRONG><a name="[c8]"></a>HAL_TIM_TriggerCallback</STRONG> (Thumb, 2 bytes, Stack size 0 bytes, stm32f4xx_hal_tim.o(i.HAL_TIM_TriggerCallback))
<BR><BR>[Called By]<UL><LI><a href="#[c2]">&gt;&gt;</a>&nbsp;&nbsp;&nbsp;HAL_TIM_IRQHandler
</UL>

<P><STRONG><a name="[cd]"></a>HAL_UART_ErrorCallback</STRONG> (Thumb, 2 bytes, Stack size 0 bytes, stm32f4xx_hal_uart.o(i.HAL_UART_ErrorCallback))
<BR><BR>[Called By]<UL><LI><a href="#[ca]">&gt;&gt;</a>&nbsp;&nbsp;&nbsp;HAL_UART_IRQHandler
<LI><a href="#[63]">&gt;&gt;</a>&nbsp;&nbsp;&nbsp;UART_DMAAbortOnError
</UL>

<P><STRONG><a name="[ca]"></a>HAL_UART_IRQHandler</STRONG> (Thumb, 270 bytes, Stack size 16 bytes, stm32f4xx_hal_uart.o(i.HAL_UART_IRQHandler))
<BR><BR>[Stack]<UL><LI>Max Depth = 24<LI>Call Chain = HAL_UART_IRQHandler &rArr; UART_Receive_IT
</UL>
<BR>[Calls]<UL><LI><a href="#[ad]">&gt;&gt;</a>&nbsp;&nbsp;&nbsp;HAL_DMA_Abort_IT
<LI><a href="#[cf]">&gt;&gt;</a>&nbsp;&nbsp;&nbsp;HAL_UART_TxCpltCallback
<LI><a href="#[cd]">&gt;&gt;</a>&nbsp;&nbsp;&nbsp;HAL_UART_ErrorCallback
<LI><a href="#[ce]">&gt;&gt;</a>&nbsp;&nbsp;&nbsp;UART_Transmit_IT
<LI><a href="#[cb]">&gt;&gt;</a>&nbsp;&nbsp;&nbsp;UART_Receive_IT
<LI><a href="#[cc]">&gt;&gt;</a>&nbsp;&nbsp;&nbsp;UART_EndRxTransfer
</UL>
<BR>[Called By]<UL><LI><a href="#[31]">&gt;&gt;</a>&nbsp;&nbsp;&nbsp;USART3_IRQHandler
</UL>

<P><STRONG><a name="[d0]"></a>HAL_UART_Init</STRONG> (Thumb, 98 bytes, Stack size 16 bytes, stm32f4xx_hal_uart.o(i.HAL_UART_Init))
<BR><BR>[Stack]<UL><LI>Max Depth = 96<LI>Call Chain = HAL_UART_Init &rArr; HAL_UART_MspInit &rArr; HAL_GPIO_Init
</UL>
<BR>[Calls]<UL><LI><a href="#[d1]">&gt;&gt;</a>&nbsp;&nbsp;&nbsp;HAL_UART_MspInit
<LI><a href="#[d2]">&gt;&gt;</a>&nbsp;&nbsp;&nbsp;UART_SetConfig
</UL>
<BR>[Called By]<UL><LI><a href="#[e2]">&gt;&gt;</a>&nbsp;&nbsp;&nbsp;MX_USART3_UART_Init
<LI><a href="#[e1]">&gt;&gt;</a>&nbsp;&nbsp;&nbsp;MX_USART1_UART_Init
</UL>

<P><STRONG><a name="[d1]"></a>HAL_UART_MspInit</STRONG> (Thumb, 174 bytes, Stack size 40 bytes, usart.o(i.HAL_UART_MspInit))
<BR><BR>[Stack]<UL><LI>Max Depth = 80<LI>Call Chain = HAL_UART_MspInit &rArr; HAL_GPIO_Init
</UL>
<BR>[Calls]<UL><LI><a href="#[94]">&gt;&gt;</a>&nbsp;&nbsp;&nbsp;HAL_NVIC_SetPriority
<LI><a href="#[b6]">&gt;&gt;</a>&nbsp;&nbsp;&nbsp;HAL_NVIC_EnableIRQ
<LI><a href="#[b4]">&gt;&gt;</a>&nbsp;&nbsp;&nbsp;HAL_GPIO_Init
<LI><a href="#[b3]">&gt;&gt;</a>&nbsp;&nbsp;&nbsp;__aeabi_memclr4
</UL>
<BR>[Called By]<UL><LI><a href="#[d0]">&gt;&gt;</a>&nbsp;&nbsp;&nbsp;HAL_UART_Init
</UL>

<P><STRONG><a name="[f7]"></a>HAL_UART_RxCpltCallback</STRONG> (Thumb, 2 bytes, Stack size 0 bytes, stm32f4xx_hal_uart.o(i.HAL_UART_RxCpltCallback))
<BR><BR>[Called By]<UL><LI><a href="#[cb]">&gt;&gt;</a>&nbsp;&nbsp;&nbsp;UART_Receive_IT
</UL>

<P><STRONG><a name="[cf]"></a>HAL_UART_TxCpltCallback</STRONG> (Thumb, 2 bytes, Stack size 0 bytes, stm32f4xx_hal_uart.o(i.HAL_UART_TxCpltCallback))
<BR><BR>[Called By]<UL><LI><a href="#[ca]">&gt;&gt;</a>&nbsp;&nbsp;&nbsp;HAL_UART_IRQHandler
</UL>

<P><STRONG><a name="[2]"></a>HardFault_Handler</STRONG> (Thumb, 2 bytes, Stack size 0 bytes, stm32f4xx_it.o(i.HardFault_Handler))
<BR><BR>[Calls]<UL><LI><a href="#[2]">&gt;&gt;</a>&nbsp;&nbsp;&nbsp;HardFault_Handler
</UL>
<BR>[Called By]<UL><LI><a href="#[2]">&gt;&gt;</a>&nbsp;&nbsp;&nbsp;HardFault_Handler
</UL>
<BR>[Address Reference Count : 1]<UL><LI> startup_stm32f407xx.o(RESET)
</UL>
<P><STRONG><a name="[d3]"></a>Log_Init</STRONG> (Thumb, 86 bytes, Stack size 16 bytes, logger.o(i.Log_Init))
<BR><BR>[Stack]<UL><LI>Max Depth = 1016<LI>Call Chain = Log_Init &rArr; Write_Format &rArr; WriteBlock &rArr; f_open &rArr; dir_register &rArr; dir_find &rArr; dir_next &rArr; create_chain &rArr; put_fat &rArr; move_window &rArr; sync_window &rArr; disk_write
</UL>
<BR>[Calls]<UL><LI><a href="#[d7]">&gt;&gt;</a>&nbsp;&nbsp;&nbsp;f_unlink
<LI><a href="#[d5]">&gt;&gt;</a>&nbsp;&nbsp;&nbsp;f_open
<LI><a href="#[d4]">&gt;&gt;</a>&nbsp;&nbsp;&nbsp;f_mount
<LI><a href="#[d6]">&gt;&gt;</a>&nbsp;&nbsp;&nbsp;f_close
<LI><a href="#[d8]">&gt;&gt;</a>&nbsp;&nbsp;&nbsp;Write_Format
</UL>
<BR>[Called By]<UL><LI><a href="#[5b]">&gt;&gt;</a>&nbsp;&nbsp;&nbsp;main
</UL>

<P><STRONG><a name="[d9]"></a>MX_DMA_Init</STRONG> (Thumb, 56 bytes, Stack size 8 bytes, dma.o(i.MX_DMA_Init))
<BR><BR>[Stack]<UL><LI>Max Depth = 24<LI>Call Chain = MX_DMA_Init &rArr; HAL_NVIC_SetPriority
</UL>
<BR>[Calls]<UL><LI><a href="#[94]">&gt;&gt;</a>&nbsp;&nbsp;&nbsp;HAL_NVIC_SetPriority
<LI><a href="#[b6]">&gt;&gt;</a>&nbsp;&nbsp;&nbsp;HAL_NVIC_EnableIRQ
</UL>
<BR>[Called By]<UL><LI><a href="#[5b]">&gt;&gt;</a>&nbsp;&nbsp;&nbsp;main
</UL>

<P><STRONG><a name="[da]"></a>MX_FATFS_Init</STRONG> (Thumb, 18 bytes, Stack size 8 bytes, fatfs.o(i.MX_FATFS_Init))
<BR><BR>[Stack]<UL><LI>Max Depth = 20<LI>Call Chain = MX_FATFS_Init &rArr; FATFS_LinkDriver &rArr; FATFS_LinkDriverEx
</UL>
<BR>[Calls]<UL><LI><a href="#[84]">&gt;&gt;</a>&nbsp;&nbsp;&nbsp;FATFS_LinkDriver
</UL>
<BR>[Called By]<UL><LI><a href="#[5b]">&gt;&gt;</a>&nbsp;&nbsp;&nbsp;main
</UL>

<P><STRONG><a name="[db]"></a>MX_GPIO_Init</STRONG> (Thumb, 116 bytes, Stack size 40 bytes, gpio.o(i.MX_GPIO_Init))
<BR><BR>[Stack]<UL><LI>Max Depth = 80<LI>Call Chain = MX_GPIO_Init &rArr; HAL_GPIO_Init
</UL>
<BR>[Calls]<UL><LI><a href="#[dc]">&gt;&gt;</a>&nbsp;&nbsp;&nbsp;HAL_GPIO_WritePin
<LI><a href="#[b4]">&gt;&gt;</a>&nbsp;&nbsp;&nbsp;HAL_GPIO_Init
<LI><a href="#[b3]">&gt;&gt;</a>&nbsp;&nbsp;&nbsp;__aeabi_memclr4
</UL>
<BR>[Called By]<UL><LI><a href="#[5b]">&gt;&gt;</a>&nbsp;&nbsp;&nbsp;main
</UL>

<P><STRONG><a name="[dd]"></a>MX_RTC_Init</STRONG> (Thumb, 44 bytes, Stack size 8 bytes, rtc.o(i.MX_RTC_Init))
<BR><BR>[Stack]<UL><LI>Max Depth = 40<LI>Call Chain = MX_RTC_Init &rArr; HAL_RTC_Init &rArr; RTC_EnterInitMode
</UL>
<BR>[Calls]<UL><LI><a href="#[9a]">&gt;&gt;</a>&nbsp;&nbsp;&nbsp;HAL_RTC_Init
<LI><a href="#[b5]">&gt;&gt;</a>&nbsp;&nbsp;&nbsp;Error_Handler
</UL>
<BR>[Called By]<UL><LI><a href="#[5b]">&gt;&gt;</a>&nbsp;&nbsp;&nbsp;main
</UL>

<P><STRONG><a name="[12c]"></a>MX_SDIO_SD_Init</STRONG> (Thumb, 22 bytes, Stack size 0 bytes, sdio.o(i.MX_SDIO_SD_Init))
<BR><BR>[Called By]<UL><LI><a href="#[5b]">&gt;&gt;</a>&nbsp;&nbsp;&nbsp;main
</UL>

<P><STRONG><a name="[de]"></a>MX_TIM6_Init</STRONG> (Thumb, 60 bytes, Stack size 16 bytes, tim.o(i.MX_TIM6_Init))
<BR><BR>[Stack]<UL><LI>Max Depth = 48<LI>Call Chain = MX_TIM6_Init &rArr; HAL_TIM_Base_Init &rArr; HAL_TIM_Base_MspInit &rArr; HAL_NVIC_SetPriority
</UL>
<BR>[Calls]<UL><LI><a href="#[bf]">&gt;&gt;</a>&nbsp;&nbsp;&nbsp;HAL_TIM_Base_Init
<LI><a href="#[df]">&gt;&gt;</a>&nbsp;&nbsp;&nbsp;HAL_TIMEx_MasterConfigSynchronization
<LI><a href="#[b5]">&gt;&gt;</a>&nbsp;&nbsp;&nbsp;Error_Handler
</UL>
<BR>[Called By]<UL><LI><a href="#[5b]">&gt;&gt;</a>&nbsp;&nbsp;&nbsp;main
</UL>

<P><STRONG><a name="[e0]"></a>MX_TIM7_Init</STRONG> (Thumb, 60 bytes, Stack size 16 bytes, tim.o(i.MX_TIM7_Init))
<BR><BR>[Stack]<UL><LI>Max Depth = 48<LI>Call Chain = MX_TIM7_Init &rArr; HAL_TIM_Base_Init &rArr; HAL_TIM_Base_MspInit &rArr; HAL_NVIC_SetPriority
</UL>
<BR>[Calls]<UL><LI><a href="#[bf]">&gt;&gt;</a>&nbsp;&nbsp;&nbsp;HAL_TIM_Base_Init
<LI><a href="#[df]">&gt;&gt;</a>&nbsp;&nbsp;&nbsp;HAL_TIMEx_MasterConfigSynchronization
<LI><a href="#[b5]">&gt;&gt;</a>&nbsp;&nbsp;&nbsp;Error_Handler
</UL>
<BR>[Called By]<UL><LI><a href="#[5b]">&gt;&gt;</a>&nbsp;&nbsp;&nbsp;main
</UL>

<P><STRONG><a name="[e1]"></a>MX_USART1_UART_Init</STRONG> (Thumb, 48 bytes, Stack size 8 bytes, usart.o(i.MX_USART1_UART_Init))
<BR><BR>[Stack]<UL><LI>Max Depth = 104<LI>Call Chain = MX_USART1_UART_Init &rArr; HAL_UART_Init &rArr; HAL_UART_MspInit &rArr; HAL_GPIO_Init
</UL>
<BR>[Calls]<UL><LI><a href="#[d0]">&gt;&gt;</a>&nbsp;&nbsp;&nbsp;HAL_UART_Init
<LI><a href="#[b5]">&gt;&gt;</a>&nbsp;&nbsp;&nbsp;Error_Handler
</UL>
<BR>[Called By]<UL><LI><a href="#[5b]">&gt;&gt;</a>&nbsp;&nbsp;&nbsp;main
</UL>

<P><STRONG><a name="[e2]"></a>MX_USART3_UART_Init</STRONG> (Thumb, 48 bytes, Stack size 8 bytes, usart.o(i.MX_USART3_UART_Init))
<BR><BR>[Stack]<UL><LI>Max Depth = 104<LI>Call Chain = MX_USART3_UART_Init &rArr; HAL_UART_Init &rArr; HAL_UART_MspInit &rArr; HAL_GPIO_Init
</UL>
<BR>[Calls]<UL><LI><a href="#[d0]">&gt;&gt;</a>&nbsp;&nbsp;&nbsp;HAL_UART_Init
<LI><a href="#[b5]">&gt;&gt;</a>&nbsp;&nbsp;&nbsp;Error_Handler
</UL>
<BR>[Called By]<UL><LI><a href="#[5b]">&gt;&gt;</a>&nbsp;&nbsp;&nbsp;main
</UL>

<P><STRONG><a name="[3]"></a>MemManage_Handler</STRONG> (Thumb, 2 bytes, Stack size 0 bytes, stm32f4xx_it.o(i.MemManage_Handler))
<BR><BR>[Calls]<UL><LI><a href="#[3]">&gt;&gt;</a>&nbsp;&nbsp;&nbsp;MemManage_Handler
</UL>
<BR>[Called By]<UL><LI><a href="#[3]">&gt;&gt;</a>&nbsp;&nbsp;&nbsp;MemManage_Handler
</UL>
<BR>[Address Reference Count : 1]<UL><LI> startup_stm32f407xx.o(RESET)
</UL>
<P><STRONG><a name="[1]"></a>NMI_Handler</STRONG> (Thumb, 2 bytes, Stack size 0 bytes, stm32f4xx_it.o(i.NMI_Handler))
<BR>[Address Reference Count : 1]<UL><LI> startup_stm32f407xx.o(RESET)
</UL>
<P><STRONG><a name="[8]"></a>PendSV_Handler</STRONG> (Thumb, 2 bytes, Stack size 0 bytes, stm32f4xx_it.o(i.PendSV_Handler))
<BR>[Address Reference Count : 1]<UL><LI> startup_stm32f407xx.o(RESET)
</UL>
<P><STRONG><a name="[9c]"></a>RTC_EnterInitMode</STRONG> (Thumb, 58 bytes, Stack size 16 bytes, stm32f4xx_hal_rtc.o(i.RTC_EnterInitMode))
<BR><BR>[Stack]<UL><LI>Max Depth = 16<LI>Call Chain = RTC_EnterInitMode
</UL>
<BR>[Calls]<UL><LI><a href="#[89]">&gt;&gt;</a>&nbsp;&nbsp;&nbsp;HAL_GetTick
</UL>
<BR>[Called By]<UL><LI><a href="#[9a]">&gt;&gt;</a>&nbsp;&nbsp;&nbsp;HAL_RTC_Init
</UL>

<P><STRONG><a name="[b8]"></a>SDIO_ConfigData</STRONG> (Thumb, 36 bytes, Stack size 0 bytes, stm32f4xx_ll_sdmmc.o(i.SDIO_ConfigData))
<BR><BR>[Called By]<UL><LI><a href="#[82]">&gt;&gt;</a>&nbsp;&nbsp;&nbsp;HAL_SD_WriteBlocks_DMA
<LI><a href="#[80]">&gt;&gt;</a>&nbsp;&nbsp;&nbsp;HAL_SD_ReadBlocks_DMA
<LI><a href="#[a1]">&gt;&gt;</a>&nbsp;&nbsp;&nbsp;SD_FindSCR
</UL>

<P><STRONG><a name="[f3]"></a>SDIO_GetPowerState</STRONG> (Thumb, 8 bytes, Stack size 0 bytes, stm32f4xx_ll_sdmmc.o(i.SDIO_GetPowerState))
<BR><BR>[Called By]<UL><LI><a href="#[b2]">&gt;&gt;</a>&nbsp;&nbsp;&nbsp;SD_InitCard
</UL>

<P><STRONG><a name="[a0]"></a>SDIO_GetResponse</STRONG> (Thumb, 6 bytes, Stack size 0 bytes, stm32f4xx_ll_sdmmc.o(i.SDIO_GetResponse))
<BR><BR>[Called By]<UL><LI><a href="#[7a]">&gt;&gt;</a>&nbsp;&nbsp;&nbsp;HAL_SD_GetCardState
<LI><a href="#[7e]">&gt;&gt;</a>&nbsp;&nbsp;&nbsp;HAL_SD_ConfigWideBusOperation
<LI><a href="#[b1]">&gt;&gt;</a>&nbsp;&nbsp;&nbsp;SD_PowerON
<LI><a href="#[b2]">&gt;&gt;</a>&nbsp;&nbsp;&nbsp;SD_InitCard
<LI><a href="#[ef]">&gt;&gt;</a>&nbsp;&nbsp;&nbsp;SDMMC_GetCmdResp6
<LI><a href="#[e4]">&gt;&gt;</a>&nbsp;&nbsp;&nbsp;SDMMC_GetCmdResp1
</UL>

<P><STRONG><a name="[3b]"></a>SDIO_IRQHandler</STRONG> (Thumb, 6 bytes, Stack size 0 bytes, stm32f4xx_it.o(i.SDIO_IRQHandler))
<BR><BR>[Stack]<UL><LI>Max Depth = 88<LI>Call Chain = SDIO_IRQHandler &rArr; HAL_SD_IRQHandler &rArr; SD_DMATxAbort &rArr; HAL_SD_GetCardState &rArr; SDMMC_CmdSendStatus &rArr; SDMMC_GetCmdResp1
</UL>
<BR>[Calls]<UL><LI><a href="#[a6]">&gt;&gt;</a>&nbsp;&nbsp;&nbsp;HAL_SD_IRQHandler
</UL>
<BR>[Address Reference Count : 1]<UL><LI> startup_stm32f407xx.o(RESET)
</UL>
<P><STRONG><a name="[a4]"></a>SDIO_Init</STRONG> (Thumb, 36 bytes, Stack size 16 bytes, stm32f4xx_ll_sdmmc.o(i.SDIO_Init))
<BR><BR>[Stack]<UL><LI>Max Depth = 16<LI>Call Chain = SDIO_Init
</UL>
<BR>[Called By]<UL><LI><a href="#[7e]">&gt;&gt;</a>&nbsp;&nbsp;&nbsp;HAL_SD_ConfigWideBusOperation
<LI><a href="#[af]">&gt;&gt;</a>&nbsp;&nbsp;&nbsp;HAL_SD_InitCard
<LI><a href="#[b2]">&gt;&gt;</a>&nbsp;&nbsp;&nbsp;SD_InitCard
</UL>

<P><STRONG><a name="[b0]"></a>SDIO_PowerState_ON</STRONG> (Thumb, 16 bytes, Stack size 8 bytes, stm32f4xx_ll_sdmmc.o(i.SDIO_PowerState_ON))
<BR><BR>[Stack]<UL><LI>Max Depth = 24<LI>Call Chain = SDIO_PowerState_ON &rArr; HAL_Delay
</UL>
<BR>[Calls]<UL><LI><a href="#[8e]">&gt;&gt;</a>&nbsp;&nbsp;&nbsp;HAL_Delay
</UL>
[...]
<BR><BR>[Called By]<UL><LI><a href="#[ca]">&gt;&gt;</a>&nbsp;&nbsp;&nbsp;HAL_UART_IRQHandler
</UL>

<P><STRONG><a name="[fe]"></a>check_fs</STRONG> (Thumb, 102 bytes, Stack size 8 bytes, ff.o(i.check_fs))
<BR><BR>[Stack]<UL><LI>Max Depth = 56<LI>Call Chain = check_fs &rArr; move_window &rArr; sync_window &rArr; disk_write
</UL>
<BR>[Calls]<UL><LI><a href="#[ff]">&gt;&gt;</a>&nbsp;&nbsp;&nbsp;move_window
<LI><a href="#[100]">&gt;&gt;</a>&nbsp;&nbsp;&nbsp;ld_word
<LI><a href="#[101]">&gt;&gt;</a>&nbsp;&nbsp;&nbsp;ld_dword
</UL>
<BR>[Called By]<UL><LI><a href="#[11b]">&gt;&gt;</a>&nbsp;&nbsp;&nbsp;find_volume
</UL>

<P><STRONG><a name="[109]"></a>chk_chr</STRONG> (Thumb, 16 bytes, Stack size 0 bytes, ff.o(i.chk_chr))
<BR><BR>[Called By]<UL><LI><a href="#[107]">&gt;&gt;</a>&nbsp;&nbsp;&nbsp;create_name
</UL>

<P><STRONG><a name="[11f]"></a>chk_lock</STRONG> (Thumb, 86 bytes, Stack size 20 bytes, ff.o(i.chk_lock))
<BR><BR>[Stack]<UL><LI>Max Depth = 20<LI>Call Chain = chk_lock
</UL>
<BR>[Called By]<UL><LI><a href="#[d7]">&gt;&gt;</a>&nbsp;&nbsp;&nbsp;f_unlink
<LI><a href="#[d5]">&gt;&gt;</a>&nbsp;&nbsp;&nbsp;f_open
</UL>

<P><STRONG><a name="[11d]"></a>clear_lock</STRONG> (Thumb, 28 bytes, Stack size 12 bytes, ff.o(i.clear_lock))
<BR><BR>[Stack]<UL><LI>Max Depth = 12<LI>Call Chain = clear_lock
</UL>
<BR>[Called By]<UL><LI><a href="#[d4]">&gt;&gt;</a>&nbsp;&nbsp;&nbsp;f_mount
<LI><a href="#[11b]">&gt;&gt;</a>&nbsp;&nbsp;&nbsp;find_volume
</UL>

<P><STRONG><a name="[129]"></a>clmt_clust</STRONG> (Thumb, 36 bytes, Stack size 0 bytes, ff.o(i.clmt_clust))
<BR><BR>[Called By]<UL><LI><a href="#[fc]">&gt;&gt;</a>&nbsp;&nbsp;&nbsp;f_write
</UL>

<P><STRONG><a name="[110]"></a>clust2sect</STRONG> (Thumb, 24 bytes, Stack size 0 bytes, ff.o(i.clust2sect))
<BR><BR>[Called By]<UL><LI><a href="#[fc]">&gt;&gt;</a>&nbsp;&nbsp;&nbsp;f_write
<LI><a href="#[d5]">&gt;&gt;</a>&nbsp;&nbsp;&nbsp;f_open
<LI><a href="#[10c]">&gt;&gt;</a>&nbsp;&nbsp;&nbsp;dir_sdi
<LI><a href="#[10e]">&gt;&gt;</a>&nbsp;&nbsp;&nbsp;dir_next
</UL>

<P><STRONG><a name="[102]"></a>cmp_lfn</STRONG> (Thumb, 124 bytes, Stack size 40 bytes, ff.o(i.cmp_lfn))
<BR><BR>[Stack]<UL><LI>Max Depth = 52<LI>Call Chain = cmp_lfn &rArr; ff_wtoupper
</UL>
<BR>[Calls]<UL><LI><a href="#[103]">&gt;&gt;</a>&nbsp;&nbsp;&nbsp;ff_wtoupper
<LI><a href="#[100]">&gt;&gt;</a>&nbsp;&nbsp;&nbsp;ld_word
</UL>
<BR>[Called By]<UL><LI><a href="#[10b]">&gt;&gt;</a>&nbsp;&nbsp;&nbsp;dir_find
</UL>

<P><STRONG><a name="[104]"></a>create_chain</STRONG> (Thumb, 164 bytes, Stack size 24 bytes, ff.o(i.create_chain))
<BR><BR>[Stack]<UL><LI>Max Depth = 104<LI>Call Chain = create_chain &rArr; put_fat &rArr; move_window &rArr; sync_window &rArr; disk_write
</UL>
<BR>[Calls]<UL><LI><a href="#[106]">&gt;&gt;</a>&nbsp;&nbsp;&nbsp;put_fat
<LI><a href="#[105]">&gt;&gt;</a>&nbsp;&nbsp;&nbsp;get_fat
</UL>
<BR>[Called By]<UL><LI><a href="#[fc]">&gt;&gt;</a>&nbsp;&nbsp;&nbsp;f_write
<LI><a href="#[10e]">&gt;&gt;</a>&nbsp;&nbsp;&nbsp;dir_next
</UL>

<P><STRONG><a name="[107]"></a>create_name</STRONG> (Thumb, 560 bytes, Stack size 40 bytes, ff.o(i.create_name))
<BR><BR>[Stack]<UL><LI>Max Depth = 56<LI>Call Chain = create_name &rArr; ff_convert
</UL>
<BR>[Calls]<UL><LI><a href="#[103]">&gt;&gt;</a>&nbsp;&nbsp;&nbsp;ff_wtoupper
<LI><a href="#[108]">&gt;&gt;</a>&nbsp;&nbsp;&nbsp;ff_convert
<LI><a href="#[10a]">&gt;&gt;</a>&nbsp;&nbsp;&nbsp;mem_set
<LI><a href="#[109]">&gt;&gt;</a>&nbsp;&nbsp;&nbsp;chk_chr
</UL>
<BR>[Called By]<UL><LI><a href="#[11e]">&gt;&gt;</a>&nbsp;&nbsp;&nbsp;follow_path
</UL>

<P><STRONG><a name="[11a]"></a>dec_lock</STRONG> (Thumb, 48 bytes, Stack size 0 bytes, ff.o(i.dec_lock))
<BR><BR>[Called By]<UL><LI><a href="#[d6]">&gt;&gt;</a>&nbsp;&nbsp;&nbsp;f_close
</UL>

<P><STRONG><a name="[10b]"></a>dir_find</STRONG> (Thumb, 208 bytes, Stack size 32 bytes, ff.o(i.dir_find))
<BR><BR>[Stack]<UL><LI>Max Depth = 168<LI>Call Chain = dir_find &rArr; dir_next &rArr; create_chain &rArr; put_fat &rArr; move_window &rArr; sync_window &rArr; disk_write
</UL>
<BR>[Calls]<UL><LI><a href="#[10d]">&gt;&gt;</a>&nbsp;&nbsp;&nbsp;sum_sfn
<LI><a href="#[ff]">&gt;&gt;</a>&nbsp;&nbsp;&nbsp;move_window
<LI><a href="#[10c]">&gt;&gt;</a>&nbsp;&nbsp;&nbsp;dir_sdi
<LI><a href="#[10e]">&gt;&gt;</a>&nbsp;&nbsp;&nbsp;dir_next
<LI><a href="#[102]">&gt;&gt;</a>&nbsp;&nbsp;&nbsp;cmp_lfn
</UL>
<BR>[Called By]<UL><LI><a href="#[11e]">&gt;&gt;</a>&nbsp;&nbsp;&nbsp;follow_path
<LI><a href="#[113]">&gt;&gt;</a>&nbsp;&nbsp;&nbsp;dir_register
</UL>

<P><STRONG><a name="[10e]"></a>dir_next</STRONG> (Thumb, 244 bytes, Stack size 32 bytes, ff.o(i.dir_next))
<BR><BR>[Stack]<UL><LI>Max Depth = 136<LI>Call Chain = dir_next &rArr; create_chain &rArr; put_fat &rArr; move_window &rArr; sync_window &rArr; disk_write
</UL>
<BR>[Calls]<UL><LI><a href="#[10f]">&gt;&gt;</a>&nbsp;&nbsp;&nbsp;sync_window
<LI><a href="#[10a]">&gt;&gt;</a>&nbsp;&nbsp;&nbsp;mem_set
<LI><a href="#[105]">&gt;&gt;</a>&nbsp;&nbsp;&nbsp;get_fat
<LI><a href="#[104]">&gt;&gt;</a>&nbsp;&nbsp;&nbsp;create_chain
<LI><a href="#[110]">&gt;&gt;</a>&nbsp;&nbsp;&nbsp;clust2sect
</UL>
<BR>[Called By]<UL><LI><a href="#[117]">&gt;&gt;</a>&nbsp;&nbsp;&nbsp;dir_remove
<LI><a href="#[113]">&gt;&gt;</a>&nbsp;&nbsp;&nbsp;dir_register
<LI><a href="#[111]">&gt;&gt;</a>&nbsp;&nbsp;&nbsp;dir_read
<LI><a href="#[10b]">&gt;&gt;</a>&nbsp;&nbsp;&nbsp;dir_find
</UL>

<P><STRONG><a name="[111]"></a>dir_read</STRONG> (Thumb, 182 bytes, Stack size 32 bytes, ff.o(i.dir_read))
<BR><BR>[Stack]<UL><LI>Max Depth = 168<LI>Call Chain = dir_read &rArr; dir_next &rArr; create_chain &rArr; put_fat &rArr; move_window &rArr; sync_window &rArr; disk_write
</UL>
<BR>[Calls]<UL><LI><a href="#[10d]">&gt;&gt;</a>&nbsp;&nbsp;&nbsp;sum_sfn
<LI><a href="#[112]">&gt;&gt;</a>&nbsp;&nbsp;&nbsp;pick_lfn
<LI><a href="#[ff]">&gt;&gt;</a>&nbsp;&nbsp;&nbsp;move_window
<LI><a href="#[10e]">&gt;&gt;</a>&nbsp;&nbsp;&nbsp;dir_next
</UL>
<BR>[Called By]<UL><LI><a href="#[d7]">&gt;&gt;</a>&nbsp;&nbsp;&nbsp;f_unlink
</UL>

<P><STRONG><a name="[113]"></a>dir_register</STRONG> (Thumb, 480 bytes, Stack size 72 bytes, ff.o(i.dir_register))
<BR><BR>[Stack]<UL><LI>Max Depth = 240<LI>Call Chain = dir_register &rArr; dir_find &rArr; dir_next &rArr; create_chain &rArr; put_fat &rArr; move_window &rArr; sync_window &rArr; disk_write
</UL>
<BR>[Calls]<UL><LI><a href="#[10d]">&gt;&gt;</a>&nbsp;&nbsp;&nbsp;sum_sfn
<LI><a href="#[116]">&gt;&gt;</a>&nbsp;&nbsp;&nbsp;st_word
<LI><a href="#[ff]">&gt;&gt;</a>&nbsp;&nbsp;&nbsp;move_window
<LI><a href="#[10a]">&gt;&gt;</a>&nbsp;&nbsp;&nbsp;mem_set
<LI><a href="#[114]">&gt;&gt;</a>&nbsp;&nbsp;&nbsp;mem_cpy
<LI><a href="#[115]">&gt;&gt;</a>&nbsp;&nbsp;&nbsp;gen_numname
<LI><a href="#[10c]">&gt;&gt;</a>&nbsp;&nbsp;&nbsp;dir_sdi
<LI><a href="#[10e]">&gt;&gt;</a>&nbsp;&nbsp;&nbsp;dir_next
<LI><a href="#[10b]">&gt;&gt;</a>&nbsp;&nbsp;&nbsp;dir_find
</UL>
<BR>[Called By]<UL><LI><a href="#[d5]">&gt;&gt;</a>&nbsp;&nbsp;&nbsp;f_open
</UL>

<P><STRONG><a name="[117]"></a>dir_remove</STRONG> (Thumb, 78 bytes, Stack size 24 bytes, ff.o(i.dir_remove))
<BR><BR>[Stack]<UL><LI>Max Depth = 160<LI>Call Chain = dir_remove &rArr; dir_next &rArr; create_chain &rArr; put_fat &rArr; move_window &rArr; sync_window &rArr; disk_write
</UL>
<BR>[Calls]<UL><LI><a href="#[ff]">&gt;&gt;</a>&nbsp;&nbsp;&nbsp;move_window
<LI><a href="#[10c]">&gt;&gt;</a>&nbsp;&nbsp;&nbsp;dir_sdi
<LI><a href="#[10e]">&gt;&gt;</a>&nbsp;&nbsp;&nbsp;dir_next
</UL>
<BR>[Called By]<UL><LI><a href="#[d7]">&gt;&gt;</a>&nbsp;&nbsp;&nbsp;f_unlink
</UL>

<P><STRONG><a name="[10c]"></a>dir_sdi</STRONG> (Thumb, 130 bytes, Stack size 24 bytes, ff.o(i.dir_sdi))
<BR><BR>[Stack]<UL><LI>Max Depth = 96<LI>Call Chain = dir_sdi &rArr; get_fat &rArr; move_window &rArr; sync_window &rArr; disk_write
</UL>
<BR>[Calls]<UL><LI><a href="#[105]">&gt;&gt;</a>&nbsp;&nbsp;&nbsp;get_fat
<LI><a href="#[110]">&gt;&gt;</a>&nbsp;&nbsp;&nbsp;clust2sect
</UL>
<BR>[Called By]<UL><LI><a href="#[d7]">&gt;&gt;</a>&nbsp;&nbsp;&nbsp;f_unlink
<LI><a href="#[11e]">&gt;&gt;</a>&nbsp;&nbsp;&nbsp;follow_path
<LI><a href="#[117]">&gt;&gt;</a>&nbsp;&nbsp;&nbsp;dir_remove
<LI><a href="#[113]">&gt;&gt;</a>&nbsp;&nbsp;&nbsp;dir_register
<LI><a href="#[10b]">&gt;&gt;</a>&nbsp;&nbsp;&nbsp;dir_find
</UL>

<P><STRONG><a name="[11b]"></a>find_volume</STRONG> (Thumb, 582 bytes, Stack size 40 bytes, ff.o(i.find_volume))
<BR><BR>[Stack]<UL><LI>Max Depth = 96<LI>Call Chain = find_volume &rArr; check_fs &rArr; move_window &rArr; sync_window &rArr; disk_write
</UL>
<BR>[Calls]<UL><LI><a href="#[ff]">&gt;&gt;</a>&nbsp;&nbsp;&nbsp;move_window
<LI><a href="#[100]">&gt;&gt;</a>&nbsp;&nbsp;&nbsp;ld_word
<LI><a href="#[101]">&gt;&gt;</a>&nbsp;&nbsp;&nbsp;ld_dword
<LI><a href="#[11c]">&gt;&gt;</a>&nbsp;&nbsp;&nbsp;get_ldnumber
<LI><a href="#[11d]">&gt;&gt;</a>&nbsp;&nbsp;&nbsp;clear_lock
<LI><a href="#[fe]">&gt;&gt;</a>&nbsp;&nbsp;&nbsp;check_fs
<LI><a href="#[12a]">&gt;&gt;</a>&nbsp;&nbsp;&nbsp;disk_status
<LI><a href="#[12b]">&gt;&gt;</a>&nbsp;&nbsp;&nbsp;disk_initialize
</UL>
<BR>[Called By]<UL><LI><a href="#[d7]">&gt;&gt;</a>&nbsp;&nbsp;&nbsp;f_unlink
<LI><a href="#[d5]">&gt;&gt;</a>&nbsp;&nbsp;&nbsp;f_open
<LI><a href="#[d4]">&gt;&gt;</a>&nbsp;&nbsp;&nbsp;f_mount
<LI><a href="#[fb]">&gt;&gt;</a>&nbsp;&nbsp;&nbsp;f_getfree
</UL>

<P><STRONG><a name="[11e]"></a>follow_path</STRONG> (Thumb, 116 bytes, Stack size 24 bytes, ff.o(i.follow_path))
<BR><BR>[Stack]<UL><LI>Max Depth = 192<LI>Call Chain = follow_path &rArr; dir_find &rArr; dir_next &rArr; create_chain &rArr; put_fat &rArr; move_window &rArr; sync_window &rArr; disk_write
</UL>
<BR>[Calls]<UL><LI><a href="#[122]">&gt;&gt;</a>&nbsp;&nbsp;&nbsp;ld_clust
<LI><a href="#[10c]">&gt;&gt;</a>&nbsp;&nbsp;&nbsp;dir_sdi
<LI><a href="#[10b]">&gt;&gt;</a>&nbsp;&nbsp;&nbsp;dir_find
<LI><a href="#[107]">&gt;&gt;</a>&nbsp;&nbsp;&nbsp;create_name
</UL>
<BR>[Called By]<UL><LI><a href="#[d7]">&gt;&gt;</a>&nbsp;&nbsp;&nbsp;f_unlink
<LI><a href="#[d5]">&gt;&gt;</a>&nbsp;&nbsp;&nbsp;f_open
</UL>

<P><STRONG><a name="[115]"></a>gen_numname</STRONG> (Thumb, 136 bytes, Stack size 24 bytes, ff.o(i.gen_numname))
<BR><BR>[Stack]<UL><LI>Max Depth = 24<LI>Call Chain = gen_numname
</UL>
<BR>[Calls]<UL><LI><a href="#[114]">&gt;&gt;</a>&nbsp;&nbsp;&nbsp;mem_cpy
</UL>
<BR>[Called By]<UL><LI><a href="#[113]">&gt;&gt;</a>&nbsp;&nbsp;&nbsp;dir_register
</UL>

<P><STRONG><a name="[105]"></a>get_fat</STRONG> (Thumb, 190 bytes, Stack size 24 bytes, ff.o(i.get_fat))
<BR><BR>[Stack]<UL><LI>Max Depth = 72<LI>Call Chain = get_fat &rArr; move_window &rArr; sync_window &rArr; disk_write
</UL>
<BR>[Calls]<UL><LI><a href="#[ff]">&gt;&gt;</a>&nbsp;&nbsp;&nbsp;move_window
<LI><a href="#[100]">&gt;&gt;</a>&nbsp;&nbsp;&nbsp;ld_word
<LI><a href="#[101]">&gt;&gt;</a>&nbsp;&nbsp;&nbsp;ld_dword
</UL>
<BR>[Called By]<UL><LI><a href="#[d5]">&gt;&gt;</a>&nbsp;&nbsp;&nbsp;f_open
<LI><a href="#[fb]">&gt;&gt;</a>&nbsp;&nbsp;&nbsp;f_getfree
<LI><a href="#[124]">&gt;&gt;</a>&nbsp;&nbsp;&nbsp;remove_chain
<LI><a href="#[10c]">&gt;&gt;</a>&nbsp;&nbsp;&nbsp;dir_sdi
<LI><a href="#[10e]">&gt;&gt;</a>&nbsp;&nbsp;&nbsp;dir_next
<LI><a href="#[104]">&gt;&gt;</a>&nbsp;&nbsp;&nbsp;create_chain
</UL>

<P><STRONG><a name="[11c]"></a>get_ldnumber</STRONG> (Thumb, 60 bytes, Stack size 8 bytes, ff.o(i.get_ldnumber))
<BR><BR>[Stack]<UL><LI>Max Depth = 8<LI>Call Chain = get_ldnumber
</UL>
<BR>[Called By]<UL><LI><a href="#[d4]">&gt;&gt;</a>&nbsp;&nbsp;&nbsp;f_mount
<LI><a href="#[11b]">&gt;&gt;</a>&nbsp;&nbsp;&nbsp;find_volume
</UL>

<P><STRONG><a name="[125]"></a>inc_lock</STRONG> (Thumb, 124 bytes, Stack size 20 bytes, ff.o(i.inc_lock))
<BR><BR>[Stack]<UL><LI>Max Depth = 20<LI>Call Chain = inc_lock
</UL>
<BR>[Called By]<UL><LI><a href="#[d5]">&gt;&gt;</a>&nbsp;&nbsp;&nbsp;f_open
</UL>

<P><STRONG><a name="[122]"></a>ld_clust</STRONG> (Thumb, 38 bytes, Stack size 16 bytes, ff.o(i.ld_clust))
<BR><BR>[Stack]<UL><LI>Max Depth = 16<LI>Call Chain = ld_clust
</UL>
<BR>[Calls]<UL><LI><a href="#[100]">&gt;&gt;</a>&nbsp;&nbsp;&nbsp;ld_word
</UL>
<BR>[Called By]<UL><LI><a href="#[d7]">&gt;&gt;</a>&nbsp;&nbsp;&nbsp;f_unlink
<LI><a href="#[d5]">&gt;&gt;</a>&nbsp;&nbsp;&nbsp;f_open
<LI><a href="#[11e]">&gt;&gt;</a>&nbsp;&nbsp;&nbsp;follow_path
</UL>

<P><STRONG><a name="[101]"></a>ld_dword</STRONG> (Thumb, 22 bytes, Stack size 0 bytes, ff.o(i.ld_dword))
<BR><BR>[Called By]<UL><LI><a href="#[d5]">&gt;&gt;</a>&nbsp;&nbsp;&nbsp;f_open
<LI><a href="#[fb]">&gt;&gt;</a>&nbsp;&nbsp;&nbsp;f_getfree
<LI><a href="#[106]">&gt;&gt;</a>&nbsp;&nbsp;&nbsp;put_fat
<LI><a href="#[105]">&gt;&gt;</a>&nbsp;&nbsp;&nbsp;get_fat
<LI><a href="#[11b]">&gt;&gt;</a>&nbsp;&nbsp;&nbsp;find_volume
<LI><a href="#[fe]">&gt;&gt;</a>&nbsp;&nbsp;&nbsp;check_fs
</UL>

<P><STRONG><a name="[100]"></a>ld_word</STRONG> (Thumb, 10 bytes, Stack size 0 bytes, ff.o(i.ld_word))
<BR><BR>[Called By]<UL><LI><a href="#[fb]">&gt;&gt;</a>&nbsp;&nbsp;&nbsp;f_getfree
<LI><a href="#[112]">&gt;&gt;</a>&nbsp;&nbsp;&nbsp;pick_lfn
<LI><a href="#[122]">&gt;&gt;</a>&nbsp;&nbsp;&nbsp;ld_clust
<LI><a href="#[105]">&gt;&gt;</a>&nbsp;&nbsp;&nbsp;get_fat
<LI><a href="#[11b]">&gt;&gt;</a>&nbsp;&nbsp;&nbsp;find_volume
<LI><a href="#[102]">&gt;&gt;</a>&nbsp;&nbsp;&nbsp;cmp_lfn
<LI><a href="#[fe]">&gt;&gt;</a>&nbsp;&nbsp;&nbsp;check_fs
</UL>

<P><STRONG><a name="[114]"></a>mem_cpy</STRONG> (Thumb, 18 bytes, Stack size 0 bytes, ff.o(i.mem_cpy))
<BR><BR>[Called By]<UL><LI><a href="#[fc]">&gt;&gt;</a>&nbsp;&nbsp;&nbsp;f_write
<LI><a href="#[115]">&gt;&gt;</a>&nbsp;&nbsp;&nbsp;gen_numname
<LI><a href="#[113]">&gt;&gt;</a>&nbsp;&nbsp;&nbsp;dir_register
</UL>

<P><STRONG><a name="[10a]"></a>mem_set</STRONG> (Thumb, 14 bytes, Stack size 0 bytes, ff.o(i.mem_set))
<BR><BR>[Called By]<UL><LI><a href="#[d5]">&gt;&gt;</a>&nbsp;&nbsp;&nbsp;f_open
<LI><a href="#[128]">&gt;&gt;</a>&nbsp;&nbsp;&nbsp;sync_fs
<LI><a href="#[113]">&gt;&gt;</a>&nbsp;&nbsp;&nbsp;dir_register
<LI><a href="#[10e]">&gt;&gt;</a>&nbsp;&nbsp;&nbsp;dir_next
<LI><a href="#[107]">&gt;&gt;</a>&nbsp;&nbsp;&nbsp;create_name
</UL>

<P><STRONG><a name="[ff]"></a>move_window</STRONG> (Thumb, 50 bytes, Stack size 16 bytes, ff.o(i.move_window))
<BR><BR>[Stack]<UL><LI>Max Depth = 48<LI>Call Chain = move_window &rArr; sync_window &rArr; disk_write
</UL>
<BR>[Calls]<UL><LI><a href="#[10f]">&gt;&gt;</a>&nbsp;&nbsp;&nbsp;sync_window
<LI><a href="#[126]">&gt;&gt;</a>&nbsp;&nbsp;&nbsp;disk_read
</UL>
<BR>[Called By]<UL><LI><a href="#[d5]">&gt;&gt;</a>&nbsp;&nbsp;&nbsp;f_open
<LI><a href="#[fb]">&gt;&gt;</a>&nbsp;&nbsp;&nbsp;f_getfree
<LI><a href="#[118]">&gt;&gt;</a>&nbsp;&nbsp;&nbsp;f_sync
<LI><a href="#[106]">&gt;&gt;</a>&nbsp;&nbsp;&nbsp;put_fat
<LI><a href="#[105]">&gt;&gt;</a>&nbsp;&nbsp;&nbsp;get_fat
<LI><a href="#[11b]">&gt;&gt;</a>&nbsp;&nbsp;&nbsp;find_volume
<LI><a href="#[117]">&gt;&gt;</a>&nbsp;&nbsp;&nbsp;dir_remove
<LI><a href="#[113]">&gt;&gt;</a>&nbsp;&nbsp;&nbsp;dir_register
<LI><a href="#[111]">&gt;&gt;</a>&nbsp;&nbsp;&nbsp;dir_read
<LI><a href="#[10b]">&gt;&gt;</a>&nbsp;&nbsp;&nbsp;dir_find
<LI><a href="#[fe]">&gt;&gt;</a>&nbsp;&nbsp;&nbsp;check_fs
</UL>

<P><STRONG><a name="[112]"></a>pick_lfn</STRONG> (Thumb, 110 bytes, Stack size 32 bytes, ff.o(i.pick_lfn))
<BR><BR>[Stack]<UL><LI>Max Depth = 32<LI>Call Chain = pick_lfn
</UL>
<BR>[Calls]<UL><LI><a href="#[100]">&gt;&gt;</a>&nbsp;&nbsp;&nbsp;ld_word
</UL>
<BR>[Called By]<UL><LI><a href="#[111]">&gt;&gt;</a>&nbsp;&nbsp;&nbsp;dir_read
</UL>

<P><STRONG><a name="[106]"></a>put_fat</STRONG> (Thumb, 234 bytes, Stack size 32 bytes, ff.o(i.put_fat))
<BR><BR>[Stack]<UL><LI>Max Depth = 80<LI>Call Chain = put_fat &rArr; move_window &rArr; sync_window &rArr; disk_write
</UL>
<BR>[Calls]<UL><LI><a href="#[116]">&gt;&gt;</a>&nbsp;&nbsp;&nbsp;st_word
<LI><a href="#[121]">&gt;&gt;</a>&nbsp;&nbsp;&nbsp;st_dword
<LI><a href="#[ff]">&gt;&gt;</a>&nbsp;&nbsp;&nbsp;move_window
<LI><a href="#[101]">&gt;&gt;</a>&nbsp;&nbsp;&nbsp;ld_dword
</UL>
<BR>[Called By]<UL><LI><a href="#[124]">&gt;&gt;</a>&nbsp;&nbsp;&nbsp;remove_chain
<LI><a href="#[104]">&gt;&gt;</a>&nbsp;&nbsp;&nbsp;create_chain
</UL>

<P><STRONG><a name="[124]"></a>remove_chain</STRONG> (Thumb, 116 bytes, Stack size 24 bytes, ff.o(i.remove_chain))
<BR><BR>[Stack]<UL><LI>Max Depth = 104<LI>Call Chain = remove_chain &rArr; put_fat &rArr; move_window &rArr; sync_window &rArr; disk_write
</UL>
<BR>[Calls]<UL><LI><a href="#[106]">&gt;&gt;</a>&nbsp;&nbsp;&nbsp;put_fat
<LI><a href="#[105]">&gt;&gt;</a>&nbsp;&nbsp;&nbsp;get_fat
</UL>
<BR>[Called By]<UL><LI><a href="#[d7]">&gt;&gt;</a>&nbsp;&nbsp;&nbsp;f_unlink
<LI><a href="#[d5]">&gt;&gt;</a>&nbsp;&nbsp;&nbsp;f_open
</UL>

<P><STRONG><a name="[123]"></a>st_clust</STRONG> (Thumb, 40 bytes, Stack size 16 bytes, ff.o(i.st_clust))
<BR><BR>[Stack]<UL><LI>Max Depth = 16<LI>Call Chain = st_clust
</UL>
<BR>[Calls]<UL><LI><a href="#[116]">&gt;&gt;</a>&nbsp;&nbsp;&nbsp;st_word
</UL>
<BR>[Called By]<UL><LI><a href="#[d5]">&gt;&gt;</a>&nbsp;&nbsp;&nbsp;f_open
<LI><a href="#[118]">&gt;&gt;</a>&nbsp;&nbsp;&nbsp;f_sync
</UL>

<P><STRONG><a name="[121]"></a>st_dword</STRONG> (Thumb, 16 bytes, Stack size 0 bytes, ff.o(i.st_dword))
<BR><BR>[Called By]<UL><LI><a href="#[d5]">&gt;&gt;</a>&nbsp;&nbsp;&nbsp;f_open
<LI><a href="#[118]">&gt;&gt;</a>&nbsp;&nbsp;&nbsp;f_sync
<LI><a href="#[128]">&gt;&gt;</a>&nbsp;&nbsp;&nbsp;sync_fs
<LI><a href="#[106]">&gt;&gt;</a>&nbsp;&nbsp;&nbsp;put_fat
</UL>

<P><STRONG><a name="[116]"></a>st_word</STRONG> (Thumb, 8 bytes, Stack size 0 bytes, ff.o(i.st_word))
<BR><BR>[Called By]<UL><LI><a href="#[118]">&gt;&gt;</a>&nbsp;&nbsp;&nbsp;f_sync
<LI><a href="#[128]">&gt;&gt;</a>&nbsp;&nbsp;&nbsp;sync_fs
<LI><a href="#[123]">&gt;&gt;</a>&nbsp;&nbsp;&nbsp;st_clust
<LI><a href="#[106]">&gt;&gt;</a>&nbsp;&nbsp;&nbsp;put_fat
<LI><a href="#[113]">&gt;&gt;</a>&nbsp;&nbsp;&nbsp;dir_register
</UL>

<P><STRONG><a name="[10d]"></a>sum_sfn</STRONG> (Thumb, 26 bytes, Stack size 0 bytes, ff.o(i.sum_sfn))
<BR><BR>[Called By]<UL><LI><a href="#[113]">&gt;&gt;</a>&nbsp;&nbsp;&nbsp;dir_register
<LI><a href="#[111]">&gt;&gt;</a>&nbsp;&nbsp;&nbsp;dir_read
<LI><a href="#[10b]">&gt;&gt;</a>&nbsp;&nbsp;&nbsp;dir_find
</UL>

<P><STRONG><a name="[128]"></a>sync_fs</STRONG> (Thumb, 126 bytes, Stack size 16 bytes, ff.o(i.sync_fs))
<BR><BR>[Stack]<UL><LI>Max Depth = 48<LI>Call Chain = sync_fs &rArr; sync_window &rArr; disk_write
</UL>
<BR>[Calls]<UL><LI><a href="#[10f]">&gt;&gt;</a>&nbsp;&nbsp;&nbsp;sync_window
<LI><a href="#[116]">&gt;&gt;</a>&nbsp;&nbsp;&nbsp;st_word
<LI><a href="#[121]">&gt;&gt;</a>&nbsp;&nbsp;&nbsp;st_dword
<LI><a href="#[10a]">&gt;&gt;</a>&nbsp;&nbsp;&nbsp;mem_set
<LI><a href="#[127]">&gt;&gt;</a>&nbsp;&nbsp;&nbsp;disk_write
<LI><a href="#[130]">&gt;&gt;</a>&nbsp;&nbsp;&nbsp;disk_ioctl
</UL>
<BR>[Called By]<UL><LI><a href="#[d7]">&gt;&gt;</a>&nbsp;&nbsp;&nbsp;f_unlink
<LI><a href="#[118]">&gt;&gt;</a>&nbsp;&nbsp;&nbsp;f_sync
</UL>

<P><STRONG><a name="[10f]"></a>sync_window</STRONG> (Thumb, 82 bytes, Stack size 24 bytes, ff.o(i.sync_window))
<BR><BR>[Stack]<UL><LI>Max Depth = 32<LI>Call Chain = sync_window &rArr; disk_write
</UL>
<BR>[Calls]<UL><LI><a href="#[127]">&gt;&gt;</a>&nbsp;&nbsp;&nbsp;disk_write
</UL>
<BR>[Called By]<UL><LI><a href="#[128]">&gt;&gt;</a>&nbsp;&nbsp;&nbsp;sync_fs
<LI><a href="#[ff]">&gt;&gt;</a>&nbsp;&nbsp;&nbsp;move_window
<LI><a href="#[10e]">&gt;&gt;</a>&nbsp;&nbsp;&nbsp;dir_next
</UL>

<P><STRONG><a name="[119]"></a>validate</STRONG> (Thumb, 52 bytes, Stack size 16 bytes, ff.o(i.validate))
<BR><BR>[Stack]<UL><LI>Max Depth = 16<LI>Call Chain = validate
</UL>
<BR>[Calls]<UL><LI><a href="#[12a]">&gt;&gt;</a>&nbsp;&nbsp;&nbsp;disk_status
</UL>
<BR>[Called By]<UL><LI><a href="#[fc]">&gt;&gt;</a>&nbsp;&nbsp;&nbsp;f_write
<LI><a href="#[d6]">&gt;&gt;</a>&nbsp;&nbsp;&nbsp;f_close
<LI><a href="#[118]">&gt;&gt;</a>&nbsp;&nbsp;&nbsp;f_sync
</UL>
<P>
<H3>
Undefined Global Symbols
</H3><HR></body></html>
